2023-07-20 09:20:29,370 - INFO - chat.py - chat - 15 - User Message: Hello!
2023-07-20 09:20:29,371 - INFO - chat.py - chat - 15 - User Message: Hello! What's my name?
2023-07-20 09:20:30,682 - INFO - chat.py - chat - 15 - User Message: Hello!
2023-07-20 09:20:56,043 - INFO - chat.py - chat - 15 - User Message: Hello!
2023-07-20 09:20:56,044 - INFO - chat.py - chat - 15 - User Message: Hello! What's my name?
2023-07-20 09:20:57,400 - INFO - chat.py - chat - 15 - User Message: Hello!
2023-07-20 09:21:11,809 - INFO - chat.py - chat - 15 - User Message: Hello! What's my name?
2023-07-20 09:21:11,829 - INFO - chat.py - chat - 15 - User Message: Hello!
2023-07-20 09:21:11,830 - INFO - chat.py - chat - 15 - User Message: Hello! What's my name?
2023-07-20 09:21:13,479 - INFO - chat.py - chat - 15 - User Message: Hello!
2023-07-20 09:22:57,819 - INFO - chat.py - chat - 15 - User Message: Hello! What's my name?
2023-07-20 09:22:57,822 - INFO - chat.py - chat - 15 - User Message: Hello!
2023-07-20 09:22:57,823 - INFO - chat.py - chat - 15 - User Message: Hello! What's my name?
2023-07-20 09:22:59,076 - INFO - chat.py - chat - 15 - User Message: Hello!
2023-07-20 09:24:16,461 - INFO - chat.py - chat - 15 - User Message: Hello! What's my name?
2023-07-20 09:24:16,464 - INFO - chat.py - chat - 15 - User Message: Hello!
2023-07-20 09:24:16,465 - INFO - chat.py - chat - 15 - User Message: Hello! What's my name?
2023-07-20 09:24:17,831 - INFO - chat.py - chat - 15 - User Message: Hello!
2023-07-20 09:26:22,900 - INFO - chat.py - chat - 15 - User Message: Hello! What's my name?
2023-07-20 09:26:22,903 - INFO - chat.py - chat - 15 - User Message: Hello!
2023-07-20 09:26:22,903 - INFO - chat.py - chat - 15 - User Message: Hello! What's my name?
2023-07-20 09:26:24,125 - INFO - chat.py - chat - 15 - User Message: Hello!
2023-07-20 09:26:37,792 - INFO - chat.py - chat - 15 - User Message: Hello! What's my name?
2023-07-20 09:26:37,796 - INFO - chat.py - chat - 15 - User Message: Hello!
2023-07-20 09:26:37,797 - INFO - chat.py - chat - 15 - User Message: Hello! What's my name?
2023-07-20 09:26:38,997 - INFO - chat.py - chat - 15 - User Message: Hello!
2023-07-20 10:05:20,546 - ERROR - app.py - chat_view - 63 - Query must not be empty.
2023-07-20 10:05:20,547 - INFO - app.py - chat_view - 66 - Received chat request with query: Hello!, model_name: None, with_memory: True, history length: 2.
2023-07-20 10:05:20,547 - INFO - chat.py - chat - 14 - Chat function starts with query: Hello!, model_name: None, with_memory: True, history length: 2.
2023-07-20 10:05:20,547 - ERROR - chat.py - chat - 32 - User provided an invalid chat history: Got unexpected message type: Dijkstra
2023-07-20 10:05:20,551 - ERROR - app.py - chat_view - 80 - An error occurred in chat_view function: object of type 'NoneType' has no len().
2023-07-20 10:05:20,553 - INFO - app.py - chat_view - 66 - Received chat request with query: Hello! What's my name?, model_name: None, with_memory: True, history length: 4.
2023-07-20 10:05:20,553 - INFO - chat.py - chat - 14 - Chat function starts with query: Hello! What's my name?, model_name: None, with_memory: True, history length: 4.
2023-07-20 10:05:20,553 - INFO - chat.py - chat - 38 - Chat history converted.
2023-07-20 10:05:20,553 - INFO - chat.py - chat - 44 - Memory object created.
2023-07-20 10:05:20,583 - INFO - chat.py - chat - 53 - Conversation Chain created.
2023-07-20 10:05:21,926 - INFO - chat.py - chat - 58 - Reply generated: Your name is Dijkstra.
2023-07-20 10:05:21,926 - INFO - chat.py - chat - 64 - Chat function ends.
2023-07-20 10:05:21,926 - INFO - app.py - chat_view - 74 - Generated chat response: {'reply': 'Your name is Dijkstra.', 'history': [{'type': 'human', 'data': {'content': 'hi!', 'additional_kwargs': {}, 'example': False}}, {'type': 'ai', 'data': {'content': 'whats up?', 'additional_kwargs': {}, 'example': False}}, {'type': 'human', 'data': {'content': 'I am Dijkstra', 'additional_kwargs': {}, 'example': False}}, {'type': 'ai', 'data': {'content': 'Hello Dijkstra', 'additional_kwargs': {}, 'example': False}}, {'type': 'human', 'data': {'content': "Hello! What's my name?", 'additional_kwargs': {}, 'example': False}}, {'type': 'ai', 'data': {'content': 'Your name is Dijkstra.', 'additional_kwargs': {}, 'example': False}}]}.
2023-07-20 10:05:21,927 - ERROR - app.py - chat_view - 80 - An error occurred in chat_view function: object of type 'NoneType' has no len().
2023-07-20 10:06:59,699 - ERROR - app.py - chat_view - 63 - Query must not be empty.
2023-07-20 10:06:59,700 - INFO - app.py - chat_view - 66 - Received chat request with query: Hello!, model_name: None, with_memory: True, history length: 2.
2023-07-20 10:06:59,701 - INFO - chat.py - chat - 14 - Chat function starts with query: Hello!, model_name: None, with_memory: True, history length: 2.
2023-07-20 10:06:59,701 - ERROR - chat.py - chat - 32 - User provided an invalid chat history: Got unexpected message type: Dijkstra
2023-07-20 10:06:59,701 - ERROR - app.py - chat_view - 80 - An error occurred in chat_view function: object of type 'NoneType' has no len().
2023-07-20 10:06:59,704 - INFO - app.py - chat_view - 66 - Received chat request with query: Hello! What's my name?, model_name: None, with_memory: True, history length: 4.
2023-07-20 10:06:59,704 - INFO - chat.py - chat - 14 - Chat function starts with query: Hello! What's my name?, model_name: None, with_memory: True, history length: 4.
2023-07-20 10:06:59,704 - INFO - chat.py - chat - 38 - Chat history converted.
2023-07-20 10:06:59,705 - INFO - chat.py - chat - 44 - Memory object created.
2023-07-20 10:06:59,736 - INFO - chat.py - chat - 53 - Conversation Chain created.
2023-07-20 10:07:00,953 - INFO - chat.py - chat - 58 - Reply generated: Your name is Dijkstra.
2023-07-20 10:07:00,953 - INFO - chat.py - chat - 64 - Chat function ends.
2023-07-20 10:07:00,954 - INFO - app.py - chat_view - 74 - Generated chat response: {'reply': 'Your name is Dijkstra.', 'history': [{'type': 'human', 'data': {'content': 'hi!', 'additional_kwargs': {}, 'example': False}}, {'type': 'ai', 'data': {'content': 'whats up?', 'additional_kwargs': {}, 'example': False}}, {'type': 'human', 'data': {'content': 'I am Dijkstra', 'additional_kwargs': {}, 'example': False}}, {'type': 'ai', 'data': {'content': 'Hello Dijkstra', 'additional_kwargs': {}, 'example': False}}, {'type': 'human', 'data': {'content': "Hello! What's my name?", 'additional_kwargs': {}, 'example': False}}, {'type': 'ai', 'data': {'content': 'Your name is Dijkstra.', 'additional_kwargs': {}, 'example': False}}]}.
2023-07-20 10:07:00,955 - ERROR - app.py - chat_view - 80 - An error occurred in chat_view function: object of type 'NoneType' has no len().
2023-07-20 10:09:15,736 - ERROR - app.py - chat_view - 63 - Query must not be empty.
2023-07-20 10:09:15,738 - INFO - app.py - chat_view - 66 - Received chat request with query: Hello!, model_name: None, with_memory: True, history length: 2.
2023-07-20 10:09:15,738 - INFO - chat.py - chat - 14 - Chat function starts with query: Hello!, model_name: None, with_memory: True, history length: 2.
2023-07-20 10:09:15,738 - ERROR - chat.py - chat - 32 - User provided an invalid chat history: Got unexpected message type: Dijkstra
2023-07-20 10:09:15,739 - ERROR - app.py - chat_view - 80 - An error occurred in chat_view function: object of type 'NoneType' has no len().
2023-07-20 10:09:15,742 - INFO - app.py - chat_view - 66 - Received chat request with query: Hello! What's my name?, model_name: None, with_memory: True, history length: 4.
2023-07-20 10:09:15,742 - INFO - chat.py - chat - 14 - Chat function starts with query: Hello! What's my name?, model_name: None, with_memory: True, history length: 4.
2023-07-20 10:09:15,742 - INFO - chat.py - chat - 38 - Chat history converted.
2023-07-20 10:09:15,742 - INFO - chat.py - chat - 44 - Memory object created.
2023-07-20 10:09:15,773 - INFO - chat.py - chat - 53 - Conversation Chain created.
2023-07-20 10:09:16,018 - WARNING - connectionpool.py - urlopen - 871 - Retrying (Retry(total=1, connect=None, read=None, redirect=None, status=None)) after connection broken by 'SSLEOFError(8, '[SSL: UNEXPECTED_EOF_WHILE_READING] EOF occurred in violation of protocol (_ssl.c:1007)')': /v1/chat/completions
2023-07-20 10:09:16,204 - WARNING - before_sleep.py - log_it - 65 - Retrying langchain.chat_models.openai.ChatOpenAI.completion_with_retry.<locals>._completion_with_retry in 1.0 seconds as it raised APIConnectionError: Error communicating with OpenAI: ('Connection aborted.', ConnectionAbortedError(10053, '你的主机中的软件中止了一个已建立的连接。', None, 10053, None)).
2023-07-20 10:09:17,413 - WARNING - before_sleep.py - log_it - 65 - Retrying langchain.chat_models.openai.ChatOpenAI.completion_with_retry.<locals>._completion_with_retry in 2.0 seconds as it raised APIConnectionError: Error communicating with OpenAI: ('Connection aborted.', ConnectionAbortedError(10053, '你的主机中的软件中止了一个已建立的连接。', None, 10053, None)).
2023-07-20 10:09:19,622 - WARNING - before_sleep.py - log_it - 65 - Retrying langchain.chat_models.openai.ChatOpenAI.completion_with_retry.<locals>._completion_with_retry in 4.0 seconds as it raised APIConnectionError: Error communicating with OpenAI: ('Connection aborted.', ConnectionAbortedError(10053, '你的主机中的软件中止了一个已建立的连接。', None, 10053, None)).
2023-07-20 10:09:23,844 - WARNING - before_sleep.py - log_it - 65 - Retrying langchain.chat_models.openai.ChatOpenAI.completion_with_retry.<locals>._completion_with_retry in 8.0 seconds as it raised APIConnectionError: Error communicating with OpenAI: ('Connection aborted.', ConnectionAbortedError(10053, '你的主机中的软件中止了一个已建立的连接。', None, 10053, None)).
2023-07-20 10:09:35,561 - ERROR - app.py - chat_view - 63 - Query must not be empty.
2023-07-20 10:09:35,563 - INFO - app.py - chat_view - 66 - Received chat request with query: Hello!, model_name: None, with_memory: True, history length: 2.
2023-07-20 10:09:35,563 - INFO - chat.py - chat - 14 - Chat function starts with query: Hello!, model_name: None, with_memory: True, history length: 2.
2023-07-20 10:09:35,563 - ERROR - chat.py - chat - 32 - User provided an invalid chat history: Got unexpected message type: Dijkstra
2023-07-20 10:09:35,564 - ERROR - app.py - chat_view - 80 - An error occurred in chat_view function: object of type 'NoneType' has no len().
2023-07-20 10:09:35,567 - INFO - app.py - chat_view - 66 - Received chat request with query: Hello! What's my name?, model_name: None, with_memory: True, history length: 4.
2023-07-20 10:09:35,567 - INFO - chat.py - chat - 14 - Chat function starts with query: Hello! What's my name?, model_name: None, with_memory: True, history length: 4.
2023-07-20 10:09:35,567 - INFO - chat.py - chat - 38 - Chat history converted.
2023-07-20 10:09:35,567 - INFO - chat.py - chat - 44 - Memory object created.
2023-07-20 10:09:35,600 - INFO - chat.py - chat - 53 - Conversation Chain created.
2023-07-20 10:09:35,990 - WARNING - connectionpool.py - urlopen - 871 - Retrying (Retry(total=1, connect=None, read=None, redirect=None, status=None)) after connection broken by 'SSLEOFError(8, '[SSL: UNEXPECTED_EOF_WHILE_READING] EOF occurred in violation of protocol (_ssl.c:1007)')': /v1/chat/completions
2023-07-20 10:09:36,191 - WARNING - before_sleep.py - log_it - 65 - Retrying langchain.chat_models.openai.ChatOpenAI.completion_with_retry.<locals>._completion_with_retry in 1.0 seconds as it raised APIConnectionError: Error communicating with OpenAI: ('Connection aborted.', ConnectionAbortedError(10053, '你的主机中的软件中止了一个已建立的连接。', None, 10053, None)).
2023-07-20 10:09:37,407 - WARNING - before_sleep.py - log_it - 65 - Retrying langchain.chat_models.openai.ChatOpenAI.completion_with_retry.<locals>._completion_with_retry in 2.0 seconds as it raised APIConnectionError: Error communicating with OpenAI: ('Connection aborted.', ConnectionAbortedError(10053, '你的主机中的软件中止了一个已建立的连接。', None, 10053, None)).
2023-07-20 10:09:39,624 - WARNING - before_sleep.py - log_it - 65 - Retrying langchain.chat_models.openai.ChatOpenAI.completion_with_retry.<locals>._completion_with_retry in 4.0 seconds as it raised APIConnectionError: Error communicating with OpenAI: ('Connection aborted.', ConnectionAbortedError(10053, '你的主机中的软件中止了一个已建立的连接。', None, 10053, None)).
2023-07-20 10:09:43,816 - WARNING - before_sleep.py - log_it - 65 - Retrying langchain.chat_models.openai.ChatOpenAI.completion_with_retry.<locals>._completion_with_retry in 8.0 seconds as it raised APIConnectionError: Error communicating with OpenAI: ('Connection aborted.', ConnectionAbortedError(10053, '你的主机中的软件中止了一个已建立的连接。', None, 10053, None)).
2023-07-20 10:09:58,003 - ERROR - app.py - chat_view - 63 - Query must not be empty.
2023-07-20 10:09:58,005 - INFO - app.py - chat_view - 66 - Received chat request with query: Hello!, model_name: None, with_memory: True, history length: 2.
2023-07-20 10:09:58,005 - INFO - chat.py - chat - 14 - Chat function starts with query: Hello!, model_name: None, with_memory: True, history length: 2.
2023-07-20 10:09:58,005 - ERROR - chat.py - chat - 32 - User provided an invalid chat history: Got unexpected message type: Dijkstra
2023-07-20 10:09:58,006 - ERROR - app.py - chat_view - 80 - An error occurred in chat_view function: object of type 'NoneType' has no len().
2023-07-20 10:09:58,009 - INFO - app.py - chat_view - 66 - Received chat request with query: Hello! What's my name?, model_name: None, with_memory: True, history length: 4.
2023-07-20 10:09:58,009 - INFO - chat.py - chat - 14 - Chat function starts with query: Hello! What's my name?, model_name: None, with_memory: True, history length: 4.
2023-07-20 10:09:58,009 - INFO - chat.py - chat - 38 - Chat history converted.
2023-07-20 10:09:58,009 - INFO - chat.py - chat - 44 - Memory object created.
2023-07-20 10:09:58,040 - INFO - chat.py - chat - 53 - Conversation Chain created.
2023-07-20 10:09:59,414 - INFO - chat.py - chat - 58 - Reply generated: Your name is Dijkstra.
2023-07-20 10:09:59,414 - INFO - chat.py - chat - 64 - Chat function ends.
2023-07-20 10:09:59,414 - INFO - app.py - chat_view - 74 - Generated chat response: {'reply': 'Your name is Dijkstra.', 'history': [{'type': 'human', 'data': {'content': 'hi!', 'additional_kwargs': {}, 'example': False}}, {'type': 'ai', 'data': {'content': 'whats up?', 'additional_kwargs': {}, 'example': False}}, {'type': 'human', 'data': {'content': 'I am Dijkstra', 'additional_kwargs': {}, 'example': False}}, {'type': 'ai', 'data': {'content': 'Hello Dijkstra', 'additional_kwargs': {}, 'example': False}}, {'type': 'human', 'data': {'content': "Hello! What's my name?", 'additional_kwargs': {}, 'example': False}}, {'type': 'ai', 'data': {'content': 'Your name is Dijkstra.', 'additional_kwargs': {}, 'example': False}}]}.
2023-07-20 10:09:59,415 - ERROR - app.py - chat_view - 80 - An error occurred in chat_view function: object of type 'NoneType' has no len().
2023-07-20 10:12:30,088 - ERROR - app.py - chat_view - 80 - An error occurred in chat_view function: object of type 'NoneType' has no len().
2023-07-20 10:12:50,478 - ERROR - app.py - chat_view - 80 - An error occurred in chat_view function: object of type 'NoneType' has no len().
2023-07-20 10:15:58,835 - ERROR - app.py - chat_view - 80 - An error occurred in chat_view function: object of type 'NoneType' has no len().
2023-07-20 10:17:03,853 - ERROR - app.py - chat_view - 80 - An error occurred in chat_view function: object of type 'NoneType' has no len().
2023-07-20 10:17:25,469 - ERROR - app.py - chat_view - 80 - An error occurred in chat_view function: object of type 'NoneType' has no len().
2023-07-20 10:17:54,261 - ERROR - app.py - chat_view - 80 - An error occurred in chat_view function: object of type 'NoneType' has no len().
2023-07-20 10:19:21,657 - ERROR - app.py - chat_view - 80 - An error occurred in chat_view function: object of type 'NoneType' has no len().
2023-07-20 10:19:37,831 - ERROR - app.py - chat_view - 80 - An error occurred in chat_view function: object of type 'NoneType' has no len().
2023-07-20 10:19:51,177 - ERROR - app.py - chat_view - 80 - An error occurred in chat_view function: object of type 'NoneType' has no len().
2023-07-20 10:20:11,322 - ERROR - app.py - chat_view - 80 - An error occurred in chat_view function: object of type 'NoneType' has no len().
2023-07-20 10:33:03,676 - ERROR - app.py - chat_view - 80 - An error occurred in chat_view function: object of type 'NoneType' has no len().
2023-07-20 10:33:41,877 - ERROR - app.py - chat_view - 80 - An error occurred in chat_view function: object of type 'NoneType' has no len().
2023-07-20 10:35:32,423 - INFO - app.py - chat_view - 66 - Received chat request with query: Hello!, model_name: None, with_memory: False, history length: 0.
2023-07-20 10:35:32,424 - INFO - chat.py - chat - 43 - Chat history converted.
2023-07-20 10:35:32,424 - INFO - chat.py - chat - 49 - Memory object created.
2023-07-20 10:35:32,456 - INFO - chat.py - chat - 58 - Conversation Chain created.
2023-07-20 10:35:33,899 - INFO - chat.py - chat - 63 - Reply generated: Hello! How can I assist you today?
2023-07-20 10:35:33,899 - INFO - chat.py - chat - 69 - Chat function ends.
2023-07-20 10:35:33,899 - INFO - app.py - chat_view - 74 - Generated chat response: {'reply': 'Hello! How can I assist you today?', 'history': [{'type': 'human', 'data': {'content': 'Hello!', 'additional_kwargs': {}, 'example': False}}, {'type': 'ai', 'data': {'content': 'Hello! How can I assist you today?', 'additional_kwargs': {}, 'example': False}}]}.
2023-07-20 10:36:45,039 - ERROR - app.py - chat_view - 63 - Query must not be empty.
2023-07-20 10:36:45,041 - INFO - app.py - chat_view - 66 - Received chat request with query: Hello!, model_name: None, with_memory: True, history length: 2.
2023-07-20 10:36:45,041 - INFO - chat.py - chat - 21 - Chat function starts with query: Hello!, model_name: OpenAI, with_memory: True, history length: 2.
2023-07-20 10:36:45,041 - ERROR - chat.py - chat - 35 - User provided an invalid chat history: Got unexpected message type: Dijkstra
2023-07-20 10:36:45,042 - INFO - app.py - chat_view - 66 - Received chat request with query: Hello!, model_name: ChatGLM, with_memory: False, history length: 0.
2023-07-20 10:36:45,042 - INFO - chat.py - chat - 21 - Chat function starts with query: Hello!, model_name: ChatGLM, with_memory: False, history length: 0.
2023-07-20 10:36:45,043 - INFO - chat.py - chat - 41 - Chat history converted.
2023-07-20 10:36:45,043 - INFO - chat.py - chat - 47 - Memory object created.
2023-07-20 10:36:45,043 - INFO - app.py - chat_view - 66 - Received chat request with query: Hello! What's my name?, model_name: None, with_memory: True, history length: 4.
2023-07-20 10:36:45,043 - INFO - chat.py - chat - 21 - Chat function starts with query: Hello! What's my name?, model_name: OpenAI, with_memory: True, history length: 4.
2023-07-20 10:36:45,044 - INFO - chat.py - chat - 41 - Chat history converted.
2023-07-20 10:36:45,044 - INFO - chat.py - chat - 47 - Memory object created.
2023-07-20 10:36:45,075 - INFO - chat.py - chat - 56 - Conversation Chain created.
2023-07-20 10:36:46,429 - INFO - chat.py - chat - 61 - Reply generated: Your name is Dijkstra.
2023-07-20 10:36:46,430 - INFO - chat.py - chat - 67 - Chat function ends.
2023-07-20 10:36:46,430 - INFO - app.py - chat_view - 74 - Generated chat response: {'reply': 'Your name is Dijkstra.', 'history': [{'type': 'human', 'data': {'content': 'hi!', 'additional_kwargs': {}, 'example': False}}, {'type': 'ai', 'data': {'content': 'whats up?', 'additional_kwargs': {}, 'example': False}}, {'type': 'human', 'data': {'content': 'I am Dijkstra', 'additional_kwargs': {}, 'example': False}}, {'type': 'ai', 'data': {'content': 'Hello Dijkstra', 'additional_kwargs': {}, 'example': False}}, {'type': 'human', 'data': {'content': "Hello! What's my name?", 'additional_kwargs': {}, 'example': False}}, {'type': 'ai', 'data': {'content': 'Your name is Dijkstra.', 'additional_kwargs': {}, 'example': False}}]}.
2023-07-20 10:36:46,431 - INFO - app.py - chat_view - 66 - Received chat request with query: Hello!, model_name: None, with_memory: False, history length: 0.
2023-07-20 10:36:46,431 - INFO - chat.py - chat - 21 - Chat function starts with query: Hello!, model_name: OpenAI, with_memory: False, history length: 0.
2023-07-20 10:36:46,431 - INFO - chat.py - chat - 41 - Chat history converted.
2023-07-20 10:36:46,431 - INFO - chat.py - chat - 47 - Memory object created.
2023-07-20 10:36:46,431 - INFO - chat.py - chat - 56 - Conversation Chain created.
2023-07-20 10:36:47,477 - INFO - chat.py - chat - 61 - Reply generated: Hello! How can I assist you today?
2023-07-20 10:36:47,477 - INFO - chat.py - chat - 67 - Chat function ends.
2023-07-20 10:36:47,477 - INFO - app.py - chat_view - 74 - Generated chat response: {'reply': 'Hello! How can I assist you today?', 'history': [{'type': 'human', 'data': {'content': 'Hello!', 'additional_kwargs': {}, 'example': False}}, {'type': 'ai', 'data': {'content': 'Hello! How can I assist you today?', 'additional_kwargs': {}, 'example': False}}]}.
2023-07-20 10:44:05,759 - ERROR - app.py - chat_view - 63 - Query must not be empty.
2023-07-20 10:44:05,761 - INFO - app.py - chat_view - 66 - Received chat request with query: Hello!, model_name: None, with_memory: True, history length: 2.
2023-07-20 10:44:05,761 - INFO - chat.py - chat - 21 - Chat function starts with query: Hello!, model_name: OpenAI, with_memory: True, history length: 2.
2023-07-20 10:44:05,761 - ERROR - chat.py - chat - 32 - User provided an invalid chat history: Got unexpected message type: Dijkstra
2023-07-20 10:44:05,762 - INFO - app.py - chat_view - 66 - Received chat request with query: Hello!, model_name: ChatGLM, with_memory: False, history length: 0.
2023-07-20 10:44:05,762 - INFO - chat.py - chat - 21 - Chat function starts with query: Hello!, model_name: ChatGLM, with_memory: False, history length: 0.
2023-07-20 10:44:05,762 - INFO - chat.py - chat - 38 - Chat history converted.
2023-07-20 10:44:05,762 - INFO - chat.py - chat - 44 - Memory object created.
2023-07-20 10:44:05,764 - INFO - app.py - chat_view - 66 - Received chat request with query: Hello! What's my name?, model_name: None, with_memory: True, history length: 4.
2023-07-20 10:44:05,764 - INFO - chat.py - chat - 21 - Chat function starts with query: Hello! What's my name?, model_name: OpenAI, with_memory: True, history length: 4.
2023-07-20 10:44:05,764 - INFO - chat.py - chat - 38 - Chat history converted.
2023-07-20 10:44:05,764 - INFO - chat.py - chat - 44 - Memory object created.
2023-07-20 10:44:05,796 - INFO - chat.py - chat - 53 - Conversation Chain created.
2023-07-20 10:44:08,209 - INFO - chat.py - chat - 58 - Reply generated: Your name is Dijkstra.
2023-07-20 10:44:08,209 - INFO - chat.py - chat - 64 - Chat function ends.
2023-07-20 10:44:08,209 - INFO - app.py - chat_view - 74 - Generated chat response: {'reply': 'Your name is Dijkstra.', 'history': [{'type': 'human', 'data': {'content': 'hi!', 'additional_kwargs': {}, 'example': False}}, {'type': 'ai', 'data': {'content': 'whats up?', 'additional_kwargs': {}, 'example': False}}, {'type': 'human', 'data': {'content': 'I am Dijkstra', 'additional_kwargs': {}, 'example': False}}, {'type': 'ai', 'data': {'content': 'Hello Dijkstra', 'additional_kwargs': {}, 'example': False}}, {'type': 'human', 'data': {'content': "Hello! What's my name?", 'additional_kwargs': {}, 'example': False}}, {'type': 'ai', 'data': {'content': 'Your name is Dijkstra.', 'additional_kwargs': {}, 'example': False}}]}.
2023-07-20 10:44:08,211 - INFO - app.py - chat_view - 66 - Received chat request with query: Hello!, model_name: None, with_memory: False, history length: 0.
2023-07-20 10:44:08,211 - INFO - chat.py - chat - 21 - Chat function starts with query: Hello!, model_name: OpenAI, with_memory: False, history length: 0.
2023-07-20 10:44:08,211 - INFO - chat.py - chat - 38 - Chat history converted.
2023-07-20 10:44:08,211 - INFO - chat.py - chat - 44 - Memory object created.
2023-07-20 10:44:08,211 - INFO - chat.py - chat - 53 - Conversation Chain created.
2023-07-20 10:44:09,170 - INFO - chat.py - chat - 58 - Reply generated: Hello! How can I assist you today?
2023-07-20 10:44:09,171 - INFO - chat.py - chat - 64 - Chat function ends.
2023-07-20 10:44:09,171 - INFO - app.py - chat_view - 74 - Generated chat response: {'reply': 'Hello! How can I assist you today?', 'history': [{'type': 'human', 'data': {'content': 'Hello!', 'additional_kwargs': {}, 'example': False}}, {'type': 'ai', 'data': {'content': 'Hello! How can I assist you today?', 'additional_kwargs': {}, 'example': False}}]}.
2023-07-20 10:47:16,806 - ERROR - app.py - chat_view - 63 - Query must not be empty.
2023-07-20 10:47:16,808 - INFO - app.py - chat_view - 66 - Received chat request with query: Hello!, model_name: None, with_memory: True, history length: 2.
2023-07-20 10:47:16,808 - INFO - chat.py - chat - 21 - Chat function starts with query: Hello!, model_name: OpenAI, with_memory: True, history length: 2.
2023-07-20 10:47:16,808 - ERROR - chat.py - chat - 32 - User provided an invalid chat history: Got unexpected message type: Dijkstra
2023-07-20 10:47:16,809 - INFO - app.py - chat_view - 66 - Received chat request with query: Hello!, model_name: Dijkstra, with_memory: False, history length: 0.
2023-07-20 10:47:16,809 - INFO - chat.py - chat - 21 - Chat function starts with query: Hello!, model_name: Dijkstra, with_memory: False, history length: 0.
2023-07-20 10:47:16,809 - INFO - chat.py - chat - 37 - Chat history converted.
2023-07-20 10:47:16,809 - INFO - chat.py - chat - 43 - Memory object created.
2023-07-20 10:47:16,810 - INFO - app.py - chat_view - 66 - Received chat request with query: Hello! What's my name?, model_name: None, with_memory: True, history length: 4.
2023-07-20 10:47:16,810 - INFO - chat.py - chat - 21 - Chat function starts with query: Hello! What's my name?, model_name: OpenAI, with_memory: True, history length: 4.
2023-07-20 10:47:16,810 - INFO - chat.py - chat - 37 - Chat history converted.
2023-07-20 10:47:16,810 - INFO - chat.py - chat - 43 - Memory object created.
2023-07-20 10:47:16,839 - INFO - chat.py - chat - 52 - Conversation Chain created.
2023-07-20 10:47:19,236 - INFO - chat.py - chat - 57 - Reply generated: Your name is Dijkstra.
2023-07-20 10:47:19,236 - INFO - chat.py - chat - 63 - Chat function ends.
2023-07-20 10:47:19,236 - INFO - app.py - chat_view - 74 - Generated chat response: {'reply': 'Your name is Dijkstra.', 'history': [{'type': 'human', 'data': {'content': 'hi!', 'additional_kwargs': {}, 'example': False}}, {'type': 'ai', 'data': {'content': 'whats up?', 'additional_kwargs': {}, 'example': False}}, {'type': 'human', 'data': {'content': 'I am Dijkstra', 'additional_kwargs': {}, 'example': False}}, {'type': 'ai', 'data': {'content': 'Hello Dijkstra', 'additional_kwargs': {}, 'example': False}}, {'type': 'human', 'data': {'content': "Hello! What's my name?", 'additional_kwargs': {}, 'example': False}}, {'type': 'ai', 'data': {'content': 'Your name is Dijkstra.', 'additional_kwargs': {}, 'example': False}}]}.
2023-07-20 10:47:19,237 - INFO - app.py - chat_view - 66 - Received chat request with query: Hello!, model_name: None, with_memory: False, history length: 0.
2023-07-20 10:47:19,237 - INFO - chat.py - chat - 21 - Chat function starts with query: Hello!, model_name: OpenAI, with_memory: False, history length: 0.
2023-07-20 10:47:19,237 - INFO - chat.py - chat - 37 - Chat history converted.
2023-07-20 10:47:19,237 - INFO - chat.py - chat - 43 - Memory object created.
2023-07-20 10:47:19,237 - INFO - chat.py - chat - 52 - Conversation Chain created.
2023-07-20 10:47:20,090 - INFO - chat.py - chat - 57 - Reply generated: Hello! How can I assist you today?
2023-07-20 10:47:20,091 - INFO - chat.py - chat - 63 - Chat function ends.
2023-07-20 10:47:20,091 - INFO - app.py - chat_view - 74 - Generated chat response: {'reply': 'Hello! How can I assist you today?', 'history': [{'type': 'human', 'data': {'content': 'Hello!', 'additional_kwargs': {}, 'example': False}}, {'type': 'ai', 'data': {'content': 'Hello! How can I assist you today?', 'additional_kwargs': {}, 'example': False}}]}.
2023-07-20 10:48:39,596 - ERROR - app.py - chat_view - 63 - Query must not be empty.
2023-07-20 10:48:39,598 - INFO - app.py - chat_view - 66 - Received chat request with query: Hello!, model_name: None, with_memory: True, history length: 2.
2023-07-20 10:48:39,598 - INFO - chat.py - chat - 21 - Chat function starts with query: Hello!, model_name: OpenAI, with_memory: True, history length: 2.
2023-07-20 10:48:39,598 - ERROR - chat.py - chat - 32 - User provided an invalid chat history: Got unexpected message type: Dijkstra
2023-07-20 10:48:39,599 - INFO - app.py - chat_view - 66 - Received chat request with query: Hello!, model_name: Dijkstra, with_memory: False, history length: 0.
2023-07-20 10:48:39,599 - INFO - chat.py - chat - 21 - Chat function starts with query: Hello!, model_name: Dijkstra, with_memory: False, history length: 0.
2023-07-20 10:48:39,599 - INFO - chat.py - chat - 37 - Chat history converted.
2023-07-20 10:48:39,599 - INFO - chat.py - chat - 43 - Memory object created.
2023-07-20 10:48:39,600 - INFO - app.py - chat_view - 66 - Received chat request with query: Hello! What's my name?, model_name: None, with_memory: True, history length: 4.
2023-07-20 10:48:39,600 - INFO - chat.py - chat - 21 - Chat function starts with query: Hello! What's my name?, model_name: OpenAI, with_memory: True, history length: 4.
2023-07-20 10:48:39,600 - INFO - chat.py - chat - 37 - Chat history converted.
2023-07-20 10:48:39,600 - INFO - chat.py - chat - 43 - Memory object created.
2023-07-20 10:48:39,634 - INFO - chat.py - chat - 52 - Conversation Chain created.
2023-07-20 10:48:40,870 - INFO - chat.py - chat - 57 - Reply generated: Your name is Dijkstra.
2023-07-20 10:48:40,870 - INFO - chat.py - chat - 63 - Chat function ends.
2023-07-20 10:48:40,870 - INFO - app.py - chat_view - 74 - Generated chat response: {'reply': 'Your name is Dijkstra.', 'history': [{'type': 'human', 'data': {'content': 'hi!', 'additional_kwargs': {}, 'example': False}}, {'type': 'ai', 'data': {'content': 'whats up?', 'additional_kwargs': {}, 'example': False}}, {'type': 'human', 'data': {'content': 'I am Dijkstra', 'additional_kwargs': {}, 'example': False}}, {'type': 'ai', 'data': {'content': 'Hello Dijkstra', 'additional_kwargs': {}, 'example': False}}, {'type': 'human', 'data': {'content': "Hello! What's my name?", 'additional_kwargs': {}, 'example': False}}, {'type': 'ai', 'data': {'content': 'Your name is Dijkstra.', 'additional_kwargs': {}, 'example': False}}]}.
2023-07-20 10:48:40,871 - INFO - app.py - chat_view - 66 - Received chat request with query: Hello!, model_name: None, with_memory: False, history length: 0.
2023-07-20 10:48:40,871 - INFO - chat.py - chat - 21 - Chat function starts with query: Hello!, model_name: OpenAI, with_memory: False, history length: 0.
2023-07-20 10:48:40,871 - INFO - chat.py - chat - 37 - Chat history converted.
2023-07-20 10:48:40,871 - INFO - chat.py - chat - 43 - Memory object created.
2023-07-20 10:48:40,872 - INFO - chat.py - chat - 52 - Conversation Chain created.
2023-07-20 10:48:41,787 - INFO - chat.py - chat - 57 - Reply generated: Hello! How can I assist you today?
2023-07-20 10:48:41,788 - INFO - chat.py - chat - 63 - Chat function ends.
2023-07-20 10:48:41,789 - INFO - app.py - chat_view - 74 - Generated chat response: {'reply': 'Hello! How can I assist you today?', 'history': [{'type': 'human', 'data': {'content': 'Hello!', 'additional_kwargs': {}, 'example': False}}, {'type': 'ai', 'data': {'content': 'Hello! How can I assist you today?', 'additional_kwargs': {}, 'example': False}}]}.
2023-07-20 10:51:19,295 - ERROR - app.py - chat_view - 63 - Query must not be empty.
2023-07-20 10:51:19,297 - INFO - app.py - chat_view - 66 - Received chat request with query: Hello!, model_name: None, with_memory: True, history length: 2.
2023-07-20 10:51:19,297 - INFO - chat.py - chat - 21 - Chat function starts with query: Hello!, model_name: OpenAI, with_memory: True, history length: 2.
2023-07-20 10:51:19,297 - ERROR - chat.py - chat - 32 - User provided an invalid chat history: Got unexpected message type: Dijkstra
2023-07-20 10:51:19,298 - INFO - app.py - chat_view - 66 - Received chat request with query: Hello!, model_name: Dijkstra, with_memory: False, history length: 0.
2023-07-20 10:51:19,298 - INFO - chat.py - chat - 21 - Chat function starts with query: Hello!, model_name: Dijkstra, with_memory: False, history length: 0.
2023-07-20 10:51:19,298 - INFO - chat.py - chat - 37 - Chat history converted.
2023-07-20 10:51:19,298 - INFO - chat.py - chat - 43 - Memory object created.
2023-07-20 10:51:19,298 - ERROR - model_factory.py - create_model - 31 - User used an invalid model: Dijkstra
2023-07-20 10:51:19,299 - INFO - app.py - chat_view - 66 - Received chat request with query: Hello! What's my name?, model_name: None, with_memory: True, history length: 4.
2023-07-20 10:51:19,299 - INFO - chat.py - chat - 21 - Chat function starts with query: Hello! What's my name?, model_name: OpenAI, with_memory: True, history length: 4.
2023-07-20 10:51:19,299 - INFO - chat.py - chat - 37 - Chat history converted.
2023-07-20 10:51:19,299 - INFO - chat.py - chat - 43 - Memory object created.
2023-07-20 10:51:19,299 - INFO - model_factory.py - create_model - 27 - Model OpenAI is created
2023-07-20 10:51:19,330 - INFO - chat.py - chat - 52 - Conversation Chain created.
2023-07-20 10:51:20,585 - INFO - chat.py - chat - 57 - Reply generated: Your name is Dijkstra.
2023-07-20 10:51:20,585 - INFO - chat.py - chat - 63 - Chat function ends.
2023-07-20 10:51:20,585 - INFO - app.py - chat_view - 74 - Generated chat response: {'reply': 'Your name is Dijkstra.', 'history': [{'type': 'human', 'data': {'content': 'hi!', 'additional_kwargs': {}, 'example': False}}, {'type': 'ai', 'data': {'content': 'whats up?', 'additional_kwargs': {}, 'example': False}}, {'type': 'human', 'data': {'content': 'I am Dijkstra', 'additional_kwargs': {}, 'example': False}}, {'type': 'ai', 'data': {'content': 'Hello Dijkstra', 'additional_kwargs': {}, 'example': False}}, {'type': 'human', 'data': {'content': "Hello! What's my name?", 'additional_kwargs': {}, 'example': False}}, {'type': 'ai', 'data': {'content': 'Your name is Dijkstra.', 'additional_kwargs': {}, 'example': False}}]}.
2023-07-20 10:51:20,587 - INFO - app.py - chat_view - 66 - Received chat request with query: Hello!, model_name: None, with_memory: False, history length: 0.
2023-07-20 10:51:20,587 - INFO - chat.py - chat - 21 - Chat function starts with query: Hello!, model_name: OpenAI, with_memory: False, history length: 0.
2023-07-20 10:51:20,587 - INFO - chat.py - chat - 37 - Chat history converted.
2023-07-20 10:51:20,587 - INFO - chat.py - chat - 43 - Memory object created.
2023-07-20 10:51:20,587 - INFO - model_factory.py - create_model - 27 - Model OpenAI is created
2023-07-20 10:51:20,587 - INFO - chat.py - chat - 52 - Conversation Chain created.
2023-07-20 10:51:21,458 - INFO - chat.py - chat - 57 - Reply generated: Hello! How can I assist you today?
2023-07-20 10:51:21,459 - INFO - chat.py - chat - 63 - Chat function ends.
2023-07-20 10:51:21,459 - INFO - app.py - chat_view - 74 - Generated chat response: {'reply': 'Hello! How can I assist you today?', 'history': [{'type': 'human', 'data': {'content': 'Hello!', 'additional_kwargs': {}, 'example': False}}, {'type': 'ai', 'data': {'content': 'Hello! How can I assist you today?', 'additional_kwargs': {}, 'example': False}}]}.
2023-07-20 11:09:49,444 - INFO - _internal.py - _log - 224 - [31m[1mWARNING: This is a development server. Do not use it in a production deployment. Use a production WSGI server instead.[0m
 * Running on http://127.0.0.1:5000
2023-07-20 11:09:49,444 - INFO - _internal.py - _log - 224 - [33mPress CTRL+C to quit[0m
2023-07-20 11:09:56,153 - INFO - _internal.py - _log - 224 - 127.0.0.1 - - [20/Jul/2023 11:09:56] "[33mGET / HTTP/1.1[0m" 404 -
2023-07-20 11:09:56,182 - INFO - _internal.py - _log - 224 - 127.0.0.1 - - [20/Jul/2023 11:09:56] "[33mGET / HTTP/1.1[0m" 404 -
2023-07-20 11:09:56,312 - INFO - _internal.py - _log - 224 - 127.0.0.1 - - [20/Jul/2023 11:09:56] "[33mGET /favicon.ico HTTP/1.1[0m" 404 -
2023-07-20 11:09:56,313 - INFO - _internal.py - _log - 224 - 127.0.0.1 - - [20/Jul/2023 11:09:56] "[33mGET /favicon.ico HTTP/1.1[0m" 404 -
2023-07-20 11:12:48,154 - INFO - _internal.py - _log - 224 - 127.0.0.1 - - [20/Jul/2023 11:12:48] "[32mGET /apidocs HTTP/1.1[0m" 308 -
2023-07-20 11:12:48,198 - INFO - _internal.py - _log - 224 - 127.0.0.1 - - [20/Jul/2023 11:12:48] "GET /apidocs/ HTTP/1.1" 200 -
2023-07-20 11:12:48,388 - INFO - _internal.py - _log - 224 - 127.0.0.1 - - [20/Jul/2023 11:12:48] "GET /flasgger_static/css/typography.css HTTP/1.1" 200 -
2023-07-20 11:12:48,398 - INFO - _internal.py - _log - 224 - 127.0.0.1 - - [20/Jul/2023 11:12:48] "GET /flasgger_static/lib/jquery.slideto.min.js HTTP/1.1" 200 -
2023-07-20 11:12:48,398 - INFO - _internal.py - _log - 224 - 127.0.0.1 - - [20/Jul/2023 11:12:48] "GET /flasgger_static/css/reset.css HTTP/1.1" 200 -
2023-07-20 11:12:48,399 - INFO - _internal.py - _log - 224 - 127.0.0.1 - - [20/Jul/2023 11:12:48] "GET /flasgger_static/css/screen.css HTTP/1.1" 200 -
2023-07-20 11:12:48,400 - INFO - _internal.py - _log - 224 - 127.0.0.1 - - [20/Jul/2023 11:12:48] "GET /flasgger_static/lib/object-assign-pollyfill.js HTTP/1.1" 200 -
2023-07-20 11:12:48,401 - INFO - _internal.py - _log - 224 - 127.0.0.1 - - [20/Jul/2023 11:12:48] "GET /flasgger_static/lib/jquery.wiggle.min.js HTTP/1.1" 200 -
2023-07-20 11:12:48,422 - INFO - _internal.py - _log - 224 - 127.0.0.1 - - [20/Jul/2023 11:12:48] "GET /flasgger_static/lib/jquery.ba-bbq.min.js HTTP/1.1" 200 -
2023-07-20 11:12:48,426 - INFO - _internal.py - _log - 224 - 127.0.0.1 - - [20/Jul/2023 11:12:48] "GET /flasgger_static/lib/jquery-1.8.0.min.js HTTP/1.1" 200 -
2023-07-20 11:12:48,427 - INFO - _internal.py - _log - 224 - 127.0.0.1 - - [20/Jul/2023 11:12:48] "GET /flasgger_static/lib/backbone-min.js HTTP/1.1" 200 -
2023-07-20 11:12:48,435 - INFO - _internal.py - _log - 224 - 127.0.0.1 - - [20/Jul/2023 11:12:48] "GET /flasgger_static/lib/lodash.min.js HTTP/1.1" 200 -
2023-07-20 11:12:48,437 - INFO - _internal.py - _log - 224 - 127.0.0.1 - - [20/Jul/2023 11:12:48] "GET /flasgger_static/lib/highlight.9.1.0.pack_extended.js HTTP/1.1" 200 -
2023-07-20 11:12:48,445 - INFO - _internal.py - _log - 224 - 127.0.0.1 - - [20/Jul/2023 11:12:48] "GET /flasgger_static/lib/handlebars-4.0.5.js HTTP/1.1" 200 -
2023-07-20 11:12:48,447 - INFO - _internal.py - _log - 224 - 127.0.0.1 - - [20/Jul/2023 11:12:48] "GET /flasgger_static/lib/highlight.9.1.0.pack.js HTTP/1.1" 200 -
2023-07-20 11:12:48,456 - INFO - _internal.py - _log - 224 - 127.0.0.1 - - [20/Jul/2023 11:12:48] "GET /flasgger_static/lib/swagger-oauth.js HTTP/1.1" 200 -
2023-07-20 11:12:48,460 - INFO - _internal.py - _log - 224 - 127.0.0.1 - - [20/Jul/2023 11:12:48] "GET /flasgger_static/lib/marked.js HTTP/1.1" 200 -
2023-07-20 11:12:48,467 - INFO - _internal.py - _log - 224 - 127.0.0.1 - - [20/Jul/2023 11:12:48] "GET /flasgger_static/lib/jsoneditor.min.js HTTP/1.1" 200 -
2023-07-20 11:12:48,477 - INFO - _internal.py - _log - 224 - 127.0.0.1 - - [20/Jul/2023 11:12:48] "GET /flasgger_static/images/logo_small.png HTTP/1.1" 200 -
2023-07-20 11:12:48,487 - INFO - _internal.py - _log - 224 - 127.0.0.1 - - [20/Jul/2023 11:12:48] "GET /flasgger_static/css/print.css HTTP/1.1" 200 -
2023-07-20 11:12:48,585 - INFO - _internal.py - _log - 224 - 127.0.0.1 - - [20/Jul/2023 11:12:48] "GET /flasgger_static/swagger-ui.js HTTP/1.1" 200 -
2023-07-20 11:12:48,670 - INFO - _internal.py - _log - 224 - 127.0.0.1 - - [20/Jul/2023 11:12:48] "GET /apispec_1.json HTTP/1.1" 200 -
2023-07-20 11:12:48,716 - INFO - _internal.py - _log - 224 - 127.0.0.1 - - [20/Jul/2023 11:12:48] "GET /flasgger_static/images/favicon-32x32.png HTTP/1.1" 200 -
2023-07-20 11:14:21,365 - INFO - app.py - chat_view - 66 - Received chat request with query: Hello!, model_name: , with_memory: False, history length: 0.
2023-07-20 11:14:21,365 - INFO - chat.py - chat - 21 - Chat function starts with query: Hello!, model_name: , with_memory: False, history length: 0.
2023-07-20 11:14:21,366 - INFO - chat.py - chat - 37 - Chat history converted.
2023-07-20 11:14:21,366 - INFO - chat.py - chat - 43 - Memory object created.
2023-07-20 11:14:21,366 - ERROR - model_factory.py - create_model - 31 - User used an invalid model: 
2023-07-20 11:14:21,366 - INFO - _internal.py - _log - 224 - 127.0.0.1 - - [20/Jul/2023 11:14:21] "[31m[1mPOST /chat HTTP/1.1[0m" 400 -
2023-07-20 11:14:21,368 - INFO - _internal.py - _log - 224 - 127.0.0.1 - - [20/Jul/2023 11:14:21] "GET /flasgger_static/images/throbber.gif HTTP/1.1" 200 -
2023-07-20 11:14:33,293 - INFO - app.py - chat_view - 66 - Received chat request with query: Hello!, model_name: None, with_memory: False, history length: 0.
2023-07-20 11:14:33,293 - INFO - chat.py - chat - 21 - Chat function starts with query: Hello!, model_name: OpenAI, with_memory: False, history length: 0.
2023-07-20 11:14:33,293 - INFO - chat.py - chat - 37 - Chat history converted.
2023-07-20 11:14:33,294 - INFO - chat.py - chat - 43 - Memory object created.
2023-07-20 11:14:33,294 - INFO - model_factory.py - create_model - 27 - Model OpenAI is created
2023-07-20 11:14:33,327 - INFO - chat.py - chat - 52 - Conversation Chain created.
2023-07-20 11:14:35,964 - INFO - chat.py - chat - 57 - Reply generated: Hello there! How can I assist you today?
2023-07-20 11:14:35,964 - INFO - chat.py - chat - 63 - Chat function ends.
2023-07-20 11:14:35,964 - INFO - app.py - chat_view - 74 - Generated chat response: {'reply': 'Hello there! How can I assist you today?', 'history': [{'type': 'human', 'data': {'content': 'Hello!', 'additional_kwargs': {}, 'example': False}}, {'type': 'ai', 'data': {'content': 'Hello there! How can I assist you today?', 'additional_kwargs': {}, 'example': False}}]}.
2023-07-20 11:14:35,964 - INFO - _internal.py - _log - 224 - 127.0.0.1 - - [20/Jul/2023 11:14:35] "POST /chat HTTP/1.1" 200 -
2023-07-20 11:16:42,595 - INFO - _internal.py - _log - 224 - [31m[1mWARNING: This is a development server. Do not use it in a production deployment. Use a production WSGI server instead.[0m
 * Running on http://127.0.0.1:5000
2023-07-20 11:16:42,595 - INFO - _internal.py - _log - 224 - [33mPress CTRL+C to quit[0m
2023-07-20 11:16:52,094 - INFO - _internal.py - _log - 224 - 127.0.0.1 - - [20/Jul/2023 11:16:52] "GET /apidocs/ HTTP/1.1" 200 -
2023-07-20 11:16:52,262 - INFO - _internal.py - _log - 224 - 127.0.0.1 - - [20/Jul/2023 11:16:52] "[36mGET /flasgger_static/css/typography.css HTTP/1.1[0m" 304 -
2023-07-20 11:16:52,266 - INFO - _internal.py - _log - 224 - 127.0.0.1 - - [20/Jul/2023 11:16:52] "[36mGET /flasgger_static/lib/jquery.wiggle.min.js HTTP/1.1[0m" 304 -
2023-07-20 11:16:52,269 - INFO - _internal.py - _log - 224 - 127.0.0.1 - - [20/Jul/2023 11:16:52] "[36mGET /flasgger_static/lib/jquery.ba-bbq.min.js HTTP/1.1[0m" 304 -
2023-07-20 11:16:52,272 - INFO - _internal.py - _log - 224 - 127.0.0.1 - - [20/Jul/2023 11:16:52] "[36mGET /flasgger_static/lib/handlebars-4.0.5.js HTTP/1.1[0m" 304 -
2023-07-20 11:16:52,275 - INFO - _internal.py - _log - 224 - 127.0.0.1 - - [20/Jul/2023 11:16:52] "[36mGET /flasgger_static/lib/lodash.min.js HTTP/1.1[0m" 304 -
2023-07-20 11:16:52,277 - INFO - _internal.py - _log - 224 - 127.0.0.1 - - [20/Jul/2023 11:16:52] "[36mGET /flasgger_static/lib/backbone-min.js HTTP/1.1[0m" 304 -
2023-07-20 11:16:52,278 - INFO - _internal.py - _log - 224 - 127.0.0.1 - - [20/Jul/2023 11:16:52] "[36mGET /flasgger_static/lib/object-assign-pollyfill.js HTTP/1.1[0m" 304 -
2023-07-20 11:16:52,281 - INFO - _internal.py - _log - 224 - 127.0.0.1 - - [20/Jul/2023 11:16:52] "[36mGET /flasgger_static/lib/highlight.9.1.0.pack.js HTTP/1.1[0m" 304 -
2023-07-20 11:16:52,282 - INFO - _internal.py - _log - 224 - 127.0.0.1 - - [20/Jul/2023 11:16:52] "[36mGET /flasgger_static/swagger-ui.js HTTP/1.1[0m" 304 -
2023-07-20 11:16:52,283 - INFO - _internal.py - _log - 224 - 127.0.0.1 - - [20/Jul/2023 11:16:52] "[36mGET /flasgger_static/lib/jquery.slideto.min.js HTTP/1.1[0m" 304 -
2023-07-20 11:16:52,285 - INFO - _internal.py - _log - 224 - 127.0.0.1 - - [20/Jul/2023 11:16:52] "[36mGET /flasgger_static/css/screen.css HTTP/1.1[0m" 304 -
2023-07-20 11:16:52,286 - INFO - _internal.py - _log - 224 - 127.0.0.1 - - [20/Jul/2023 11:16:52] "[36mGET /flasgger_static/lib/jquery-1.8.0.min.js HTTP/1.1[0m" 304 -
2023-07-20 11:16:52,286 - INFO - _internal.py - _log - 224 - 127.0.0.1 - - [20/Jul/2023 11:16:52] "[36mGET /flasgger_static/lib/highlight.9.1.0.pack_extended.js HTTP/1.1[0m" 304 -
2023-07-20 11:16:52,287 - INFO - _internal.py - _log - 224 - 127.0.0.1 - - [20/Jul/2023 11:16:52] "[36mGET /flasgger_static/css/reset.css HTTP/1.1[0m" 304 -
2023-07-20 11:16:52,288 - INFO - _internal.py - _log - 224 - 127.0.0.1 - - [20/Jul/2023 11:16:52] "[36mGET /flasgger_static/lib/jsoneditor.min.js HTTP/1.1[0m" 304 -
2023-07-20 11:16:52,289 - INFO - _internal.py - _log - 224 - 127.0.0.1 - - [20/Jul/2023 11:16:52] "[36mGET /flasgger_static/lib/marked.js HTTP/1.1[0m" 304 -
2023-07-20 11:16:52,290 - INFO - _internal.py - _log - 224 - 127.0.0.1 - - [20/Jul/2023 11:16:52] "[36mGET /flasgger_static/lib/swagger-oauth.js HTTP/1.1[0m" 304 -
2023-07-20 11:16:52,376 - INFO - _internal.py - _log - 224 - 127.0.0.1 - - [20/Jul/2023 11:16:52] "[36mGET /flasgger_static/images/logo_small.png HTTP/1.1[0m" 304 -
2023-07-20 11:16:52,377 - INFO - _internal.py - _log - 224 - 127.0.0.1 - - [20/Jul/2023 11:16:52] "[36mGET /flasgger_static/css/print.css HTTP/1.1[0m" 304 -
2023-07-20 11:16:52,400 - INFO - _internal.py - _log - 224 - 127.0.0.1 - - [20/Jul/2023 11:16:52] "GET /apispec_1.json HTTP/1.1" 200 -
2023-07-20 11:16:52,449 - INFO - _internal.py - _log - 224 - 127.0.0.1 - - [20/Jul/2023 11:16:52] "[36mGET /flasgger_static/images/favicon-32x32.png HTTP/1.1[0m" 304 -
2023-07-20 11:19:08,697 - INFO - app.py - chat_view - 66 - Received chat request with query: Give me a quickSort in Java, put in a HTML, model_name: None, with_memory: None, history length: 0.
2023-07-20 11:19:08,698 - INFO - chat.py - chat - 21 - Chat function starts with query: Give me a quickSort in Java, put in a HTML, model_name: OpenAI, with_memory: False, history length: 0.
2023-07-20 11:19:08,698 - INFO - chat.py - chat - 37 - Chat history converted.
2023-07-20 11:19:08,698 - INFO - chat.py - chat - 43 - Memory object created.
2023-07-20 11:19:08,698 - INFO - model_factory.py - create_model - 27 - Model OpenAI is created
2023-07-20 11:19:08,700 - INFO - _internal.py - _log - 224 - 127.0.0.1 - - [20/Jul/2023 11:19:08] "[36mGET /flasgger_static/images/throbber.gif HTTP/1.1[0m" 304 -
2023-07-20 11:19:08,728 - INFO - chat.py - chat - 52 - Conversation Chain created.
2023-07-20 11:19:28,164 - INFO - chat.py - chat - 57 - Reply generated: Sure! Here's an example of a quicksort algorithm implemented in Java:

```java
public class QuickSort {
    public static void main(String[] args) {
        int[] array = {5, 2, 8, 9, 1, 3};
        System.out.println("Original array: " + Arrays.toString(array));
        quickSort(array, 0, array.length - 1);
        System.out.println("Sorted array: " + Arrays.toString(array));
    }

    public static void quickSort(int[] array, int low, int high) {
        if (low < high) {
            int pivotIndex = partition(array, low, high);
            quickSort(array, low, pivotIndex - 1);
            quickSort(array, pivotIndex + 1, high);
        }
    }

    public static int partition(int[] array, int low, int high) {
        int pivot = array[high];
        int i = low - 1;

        for (int j = low; j < high; j++) {
            if (array[j] <= pivot) {
                i++;
                swap(array, i, j);
            }
        }

        swap(array, i + 1, high);
        return i + 1;
    }

    public static void swap(int[] array, int i, int j) {
        int temp = array[i];
        array[i] = array[j];
        array[j] = temp;
    }
}
```

To put this code in an HTML file, you can create a new HTML file and include the Java code within a `<code>` or `<pre>` element. Here's an example:

```html
<!DOCTYPE html>
<html>
<head>
    <title>QuickSort in Java</title>
</head>
<body>
    <h1>QuickSort in Java</h1>
    <pre>
        <code>
            public class QuickSort {
                // Java code here...
            }
        </code>
    </pre>
</body>
</html>
```

You can save this HTML file with a `.html` extension (e.g., `quicksort.html`) and open it in a web browser to see the code displayed nicely. Let me know if you have any other questions!
2023-07-20 11:19:28,164 - INFO - chat.py - chat - 63 - Chat function ends.
2023-07-20 11:19:28,164 - INFO - app.py - chat_view - 74 - Generated chat response: {'reply': 'Sure! Here\'s an example of a quicksort algorithm implemented in Java:\n\n```java\npublic class QuickSort {\n    public static void main(String[] args) {\n        int[] array = {5, 2, 8, 9, 1, 3};\n        System.out.println("Original array: " + Arrays.toString(array));\n        quickSort(array, 0, array.length - 1);\n        System.out.println("Sorted array: " + Arrays.toString(array));\n    }\n\n    public static void quickSort(int[] array, int low, int high) {\n        if (low < high) {\n            int pivotIndex = partition(array, low, high);\n            quickSort(array, low, pivotIndex - 1);\n            quickSort(array, pivotIndex + 1, high);\n        }\n    }\n\n    public static int partition(int[] array, int low, int high) {\n        int pivot = array[high];\n        int i = low - 1;\n\n        for (int j = low; j < high; j++) {\n            if (array[j] <= pivot) {\n                i++;\n                swap(array, i, j);\n            }\n        }\n\n        swap(array, i + 1, high);\n        return i + 1;\n    }\n\n    public static void swap(int[] array, int i, int j) {\n        int temp = array[i];\n        array[i] = array[j];\n        array[j] = temp;\n    }\n}\n```\n\nTo put this code in an HTML file, you can create a new HTML file and include the Java code within a `<code>` or `<pre>` element. Here\'s an example:\n\n```html\n<!DOCTYPE html>\n<html>\n<head>\n    <title>QuickSort in Java</title>\n</head>\n<body>\n    <h1>QuickSort in Java</h1>\n    <pre>\n        <code>\n            public class QuickSort {\n                // Java code here...\n            }\n        </code>\n    </pre>\n</body>\n</html>\n```\n\nYou can save this HTML file with a `.html` extension (e.g., `quicksort.html`) and open it in a web browser to see the code displayed nicely. Let me know if you have any other questions!', 'history': [{'type': 'human', 'data': {'content': 'Give me a quickSort in Java, put in a HTML', 'additional_kwargs': {}, 'example': False}}, {'type': 'ai', 'data': {'content': 'Sure! Here\'s an example of a quicksort algorithm implemented in Java:\n\n```java\npublic class QuickSort {\n    public static void main(String[] args) {\n        int[] array = {5, 2, 8, 9, 1, 3};\n        System.out.println("Original array: " + Arrays.toString(array));\n        quickSort(array, 0, array.length - 1);\n        System.out.println("Sorted array: " + Arrays.toString(array));\n    }\n\n    public static void quickSort(int[] array, int low, int high) {\n        if (low < high) {\n            int pivotIndex = partition(array, low, high);\n            quickSort(array, low, pivotIndex - 1);\n            quickSort(array, pivotIndex + 1, high);\n        }\n    }\n\n    public static int partition(int[] array, int low, int high) {\n        int pivot = array[high];\n        int i = low - 1;\n\n        for (int j = low; j < high; j++) {\n            if (array[j] <= pivot) {\n                i++;\n                swap(array, i, j);\n            }\n        }\n\n        swap(array, i + 1, high);\n        return i + 1;\n    }\n\n    public static void swap(int[] array, int i, int j) {\n        int temp = array[i];\n        array[i] = array[j];\n        array[j] = temp;\n    }\n}\n```\n\nTo put this code in an HTML file, you can create a new HTML file and include the Java code within a `<code>` or `<pre>` element. Here\'s an example:\n\n```html\n<!DOCTYPE html>\n<html>\n<head>\n    <title>QuickSort in Java</title>\n</head>\n<body>\n    <h1>QuickSort in Java</h1>\n    <pre>\n        <code>\n            public class QuickSort {\n                // Java code here...\n            }\n        </code>\n    </pre>\n</body>\n</html>\n```\n\nYou can save this HTML file with a `.html` extension (e.g., `quicksort.html`) and open it in a web browser to see the code displayed nicely. Let me know if you have any other questions!', 'additional_kwargs': {}, 'example': False}}]}.
2023-07-20 11:19:28,177 - INFO - _internal.py - _log - 224 - 127.0.0.1 - - [20/Jul/2023 11:19:28] "POST /chat HTTP/1.1" 200 -
2023-07-20 11:22:38,521 - INFO - _internal.py - _log - 224 - 127.0.0.1 - - [20/Jul/2023 11:22:38] "GET /apidocs/ HTTP/1.1" 200 -
2023-07-20 11:22:38,537 - INFO - _internal.py - _log - 224 - 127.0.0.1 - - [20/Jul/2023 11:22:38] "[36mGET /flasgger_static/css/typography.css HTTP/1.1[0m" 304 -
2023-07-20 11:22:38,541 - INFO - _internal.py - _log - 224 - 127.0.0.1 - - [20/Jul/2023 11:22:38] "[36mGET /flasgger_static/css/reset.css HTTP/1.1[0m" 304 -
2023-07-20 11:22:38,545 - INFO - _internal.py - _log - 224 - 127.0.0.1 - - [20/Jul/2023 11:22:38] "[36mGET /flasgger_static/css/screen.css HTTP/1.1[0m" 304 -
2023-07-20 11:22:38,546 - INFO - _internal.py - _log - 224 - 127.0.0.1 - - [20/Jul/2023 11:22:38] "[36mGET /flasgger_static/lib/jquery.slideto.min.js HTTP/1.1[0m" 304 -
2023-07-20 11:22:38,547 - INFO - _internal.py - _log - 224 - 127.0.0.1 - - [20/Jul/2023 11:22:38] "[36mGET /flasgger_static/lib/jquery-1.8.0.min.js HTTP/1.1[0m" 304 -
2023-07-20 11:22:38,548 - INFO - _internal.py - _log - 224 - 127.0.0.1 - - [20/Jul/2023 11:22:38] "[36mGET /flasgger_static/lib/jquery.wiggle.min.js HTTP/1.1[0m" 304 -
2023-07-20 11:22:38,549 - INFO - _internal.py - _log - 224 - 127.0.0.1 - - [20/Jul/2023 11:22:38] "[36mGET /flasgger_static/lib/object-assign-pollyfill.js HTTP/1.1[0m" 304 -
2023-07-20 11:22:38,551 - INFO - _internal.py - _log - 224 - 127.0.0.1 - - [20/Jul/2023 11:22:38] "[36mGET /flasgger_static/lib/jquery.ba-bbq.min.js HTTP/1.1[0m" 304 -
2023-07-20 11:22:38,553 - INFO - _internal.py - _log - 224 - 127.0.0.1 - - [20/Jul/2023 11:22:38] "[36mGET /flasgger_static/lib/handlebars-4.0.5.js HTTP/1.1[0m" 304 -
2023-07-20 11:22:38,555 - INFO - _internal.py - _log - 224 - 127.0.0.1 - - [20/Jul/2023 11:22:38] "[36mGET /flasgger_static/lib/lodash.min.js HTTP/1.1[0m" 304 -
2023-07-20 11:22:38,557 - INFO - _internal.py - _log - 224 - 127.0.0.1 - - [20/Jul/2023 11:22:38] "[36mGET /flasgger_static/lib/backbone-min.js HTTP/1.1[0m" 304 -
2023-07-20 11:22:38,558 - INFO - _internal.py - _log - 224 - 127.0.0.1 - - [20/Jul/2023 11:22:38] "[36mGET /flasgger_static/swagger-ui.js HTTP/1.1[0m" 304 -
2023-07-20 11:22:38,560 - INFO - _internal.py - _log - 224 - 127.0.0.1 - - [20/Jul/2023 11:22:38] "[36mGET /flasgger_static/lib/highlight.9.1.0.pack.js HTTP/1.1[0m" 304 -
2023-07-20 11:22:38,561 - INFO - _internal.py - _log - 224 - 127.0.0.1 - - [20/Jul/2023 11:22:38] "[36mGET /flasgger_static/lib/highlight.9.1.0.pack_extended.js HTTP/1.1[0m" 304 -
2023-07-20 11:22:38,562 - INFO - _internal.py - _log - 224 - 127.0.0.1 - - [20/Jul/2023 11:22:38] "[36mGET /flasgger_static/lib/jsoneditor.min.js HTTP/1.1[0m" 304 -
2023-07-20 11:22:38,565 - INFO - _internal.py - _log - 224 - 127.0.0.1 - - [20/Jul/2023 11:22:38] "[36mGET /flasgger_static/lib/marked.js HTTP/1.1[0m" 304 -
2023-07-20 11:22:38,565 - INFO - _internal.py - _log - 224 - 127.0.0.1 - - [20/Jul/2023 11:22:38] "[36mGET /flasgger_static/lib/swagger-oauth.js HTTP/1.1[0m" 304 -
2023-07-20 11:22:38,587 - INFO - _internal.py - _log - 224 - 127.0.0.1 - - [20/Jul/2023 11:22:38] "[36mGET /flasgger_static/images/logo_small.png HTTP/1.1[0m" 304 -
2023-07-20 11:22:38,588 - INFO - _internal.py - _log - 224 - 127.0.0.1 - - [20/Jul/2023 11:22:38] "[36mGET /flasgger_static/css/print.css HTTP/1.1[0m" 304 -
2023-07-20 11:22:38,638 - INFO - _internal.py - _log - 224 - 127.0.0.1 - - [20/Jul/2023 11:22:38] "GET /apispec_1.json HTTP/1.1" 200 -
2023-07-20 11:22:38,691 - INFO - _internal.py - _log - 224 - 127.0.0.1 - - [20/Jul/2023 11:22:38] "[36mGET /flasgger_static/images/favicon-32x32.png HTTP/1.1[0m" 304 -
2023-07-20 11:39:10,442 - INFO - _internal.py - _log - 224 - [31m[1mWARNING: This is a development server. Do not use it in a production deployment. Use a production WSGI server instead.[0m
 * Running on http://127.0.0.1:5000
2023-07-20 11:39:10,442 - INFO - _internal.py - _log - 224 - [33mPress CTRL+C to quit[0m
2023-07-20 11:39:34,502 - INFO - _internal.py - _log - 224 - 127.0.0.1 - - [20/Jul/2023 11:39:34] "GET /apidocs/ HTTP/1.1" 200 -
2023-07-20 11:39:34,678 - INFO - _internal.py - _log - 224 - 127.0.0.1 - - [20/Jul/2023 11:39:34] "[36mGET /flasgger_static/lib/jquery.slideto.min.js HTTP/1.1[0m" 304 -
2023-07-20 11:39:34,679 - INFO - _internal.py - _log - 224 - 127.0.0.1 - - [20/Jul/2023 11:39:34] "[36mGET /flasgger_static/css/typography.css HTTP/1.1[0m" 304 -
2023-07-20 11:39:34,682 - INFO - _internal.py - _log - 224 - 127.0.0.1 - - [20/Jul/2023 11:39:34] "[36mGET /flasgger_static/lib/jquery.wiggle.min.js HTTP/1.1[0m" 304 -
2023-07-20 11:39:34,683 - INFO - _internal.py - _log - 224 - 127.0.0.1 - - [20/Jul/2023 11:39:34] "[36mGET /flasgger_static/lib/jquery.ba-bbq.min.js HTTP/1.1[0m" 304 -
2023-07-20 11:39:34,685 - INFO - _internal.py - _log - 224 - 127.0.0.1 - - [20/Jul/2023 11:39:34] "[36mGET /flasgger_static/lib/jquery-1.8.0.min.js HTTP/1.1[0m" 304 -
2023-07-20 11:39:34,686 - INFO - _internal.py - _log - 224 - 127.0.0.1 - - [20/Jul/2023 11:39:34] "[36mGET /flasgger_static/lib/handlebars-4.0.5.js HTTP/1.1[0m" 304 -
2023-07-20 11:39:34,687 - INFO - _internal.py - _log - 224 - 127.0.0.1 - - [20/Jul/2023 11:39:34] "[36mGET /flasgger_static/css/screen.css HTTP/1.1[0m" 304 -
2023-07-20 11:39:34,689 - INFO - _internal.py - _log - 224 - 127.0.0.1 - - [20/Jul/2023 11:39:34] "[36mGET /flasgger_static/lib/lodash.min.js HTTP/1.1[0m" 304 -
2023-07-20 11:39:34,692 - INFO - _internal.py - _log - 224 - 127.0.0.1 - - [20/Jul/2023 11:39:34] "[36mGET /flasgger_static/lib/backbone-min.js HTTP/1.1[0m" 304 -
2023-07-20 11:39:34,692 - INFO - _internal.py - _log - 224 - 127.0.0.1 - - [20/Jul/2023 11:39:34] "[36mGET /flasgger_static/lib/object-assign-pollyfill.js HTTP/1.1[0m" 304 -
2023-07-20 11:39:34,692 - INFO - _internal.py - _log - 224 - 127.0.0.1 - - [20/Jul/2023 11:39:34] "[36mGET /flasgger_static/css/reset.css HTTP/1.1[0m" 304 -
2023-07-20 11:39:34,693 - INFO - _internal.py - _log - 224 - 127.0.0.1 - - [20/Jul/2023 11:39:34] "[36mGET /flasgger_static/swagger-ui.js HTTP/1.1[0m" 304 -
2023-07-20 11:39:34,694 - INFO - _internal.py - _log - 224 - 127.0.0.1 - - [20/Jul/2023 11:39:34] "[36mGET /flasgger_static/lib/highlight.9.1.0.pack.js HTTP/1.1[0m" 304 -
2023-07-20 11:39:34,696 - INFO - _internal.py - _log - 224 - 127.0.0.1 - - [20/Jul/2023 11:39:34] "[36mGET /flasgger_static/lib/highlight.9.1.0.pack_extended.js HTTP/1.1[0m" 304 -
2023-07-20 11:39:34,697 - INFO - _internal.py - _log - 224 - 127.0.0.1 - - [20/Jul/2023 11:39:34] "[36mGET /flasgger_static/lib/jsoneditor.min.js HTTP/1.1[0m" 304 -
2023-07-20 11:39:34,699 - INFO - _internal.py - _log - 224 - 127.0.0.1 - - [20/Jul/2023 11:39:34] "[36mGET /flasgger_static/lib/swagger-oauth.js HTTP/1.1[0m" 304 -
2023-07-20 11:39:34,700 - INFO - _internal.py - _log - 224 - 127.0.0.1 - - [20/Jul/2023 11:39:34] "[36mGET /flasgger_static/lib/marked.js HTTP/1.1[0m" 304 -
2023-07-20 11:39:34,756 - INFO - _internal.py - _log - 224 - 127.0.0.1 - - [20/Jul/2023 11:39:34] "[36mGET /flasgger_static/images/logo_small.png HTTP/1.1[0m" 304 -
2023-07-20 11:39:34,756 - INFO - _internal.py - _log - 224 - 127.0.0.1 - - [20/Jul/2023 11:39:34] "[36mGET /flasgger_static/css/print.css HTTP/1.1[0m" 304 -
2023-07-20 11:39:34,778 - INFO - _internal.py - _log - 224 - 127.0.0.1 - - [20/Jul/2023 11:39:34] "GET /apispec_1.json HTTP/1.1" 200 -
2023-07-20 11:39:34,824 - INFO - _internal.py - _log - 224 - 127.0.0.1 - - [20/Jul/2023 11:39:34] "[36mGET /flasgger_static/images/favicon-32x32.png HTTP/1.1[0m" 304 -
2023-07-20 11:40:09,497 - INFO - app.py - chat_view - 66 - Received chat request with query: Hi, I'm Dijkstra, model_name: None, with_memory: None, history length: 0.
2023-07-20 11:40:09,497 - INFO - chat.py - chat - 21 - Chat function starts with query: Hi, I'm Dijkstra, model_name: OpenAI, with_memory: False, history length: 0.
2023-07-20 11:40:09,497 - INFO - chat.py - chat - 37 - Chat history converted.
2023-07-20 11:40:09,498 - INFO - chat.py - chat - 43 - Memory object created.
2023-07-20 11:40:09,498 - INFO - model_factory.py - create_model - 27 - Model OpenAI is created
2023-07-20 11:40:09,499 - INFO - _internal.py - _log - 224 - 127.0.0.1 - - [20/Jul/2023 11:40:09] "[36mGET /flasgger_static/images/throbber.gif HTTP/1.1[0m" 304 -
2023-07-20 11:40:09,528 - INFO - chat.py - chat - 52 - Conversation Chain created.
2023-07-20 11:40:11,073 - INFO - chat.py - chat - 57 - Reply generated: Hello Dijkstra! How can I assist you today?
2023-07-20 11:40:11,073 - INFO - chat.py - chat - 61 - Chat function ends.
2023-07-20 11:40:11,073 - INFO - app.py - chat_view - 74 - Generated chat response: {'reply': 'Hello Dijkstra! How can I assist you today?', 'history': [{'type': 'human', 'data': {'content': "Hi, I'm Dijkstra", 'additional_kwargs': {}, 'example': False}}, {'type': 'ai', 'data': {'content': 'Hello Dijkstra! How can I assist you today?', 'additional_kwargs': {}, 'example': False}}]}.
2023-07-20 11:40:11,073 - INFO - _internal.py - _log - 224 - 127.0.0.1 - - [20/Jul/2023 11:40:11] "POST /chat HTTP/1.1" 200 -
2023-07-20 11:40:36,973 - INFO - app.py - chat_view - 66 - Received chat request with query: What's my name?, model_name: None, with_memory: None, history length: 0.
2023-07-20 11:40:36,974 - INFO - chat.py - chat - 21 - Chat function starts with query: What's my name?, model_name: OpenAI, with_memory: False, history length: 0.
2023-07-20 11:40:36,974 - INFO - chat.py - chat - 37 - Chat history converted.
2023-07-20 11:40:36,974 - INFO - chat.py - chat - 43 - Memory object created.
2023-07-20 11:40:36,974 - INFO - model_factory.py - create_model - 27 - Model OpenAI is created
2023-07-20 11:40:36,974 - INFO - chat.py - chat - 52 - Conversation Chain created.
2023-07-20 11:40:39,434 - INFO - chat.py - chat - 57 - Reply generated: I'm sorry, but I don't have access to personal information about individuals unless it has been shared with me during our conversation. I am designed to prioritize user privacy and data protection.
2023-07-20 11:40:39,435 - INFO - chat.py - chat - 61 - Chat function ends.
2023-07-20 11:40:39,435 - INFO - app.py - chat_view - 74 - Generated chat response: {'reply': "I'm sorry, but I don't have access to personal information about individuals unless it has been shared with me during our conversation. I am designed to prioritize user privacy and data protection.", 'history': [{'type': 'human', 'data': {'content': "What's my name?", 'additional_kwargs': {}, 'example': False}}, {'type': 'ai', 'data': {'content': "I'm sorry, but I don't have access to personal information about individuals unless it has been shared with me during our conversation. I am designed to prioritize user privacy and data protection.", 'additional_kwargs': {}, 'example': False}}]}.
2023-07-20 11:40:39,435 - INFO - _internal.py - _log - 224 - 127.0.0.1 - - [20/Jul/2023 11:40:39] "POST /chat HTTP/1.1" 200 -
2023-07-20 11:43:48,196 - INFO - _internal.py - _log - 224 - [31m[1mWARNING: This is a development server. Do not use it in a production deployment. Use a production WSGI server instead.[0m
 * Running on http://127.0.0.1:5000
2023-07-20 11:43:48,196 - INFO - _internal.py - _log - 224 - [33mPress CTRL+C to quit[0m
2023-07-20 11:43:53,751 - INFO - app.py - chat_view - 66 - Received chat request with query: What's my name?, model_name: None, with_memory: None, history length: 0.
2023-07-20 11:43:53,751 - INFO - chat.py - chat - 22 - Chat function starts with query: What's my name?, model_name: OpenAI, with_memory: False, history length: 0.
2023-07-20 11:43:53,751 - INFO - chat.py - chat - 38 - Chat history converted.
2023-07-20 11:43:53,751 - INFO - chat.py - chat - 44 - Memory object created.
2023-07-20 11:43:53,751 - INFO - model_factory.py - create_model - 27 - Model OpenAI is created
2023-07-20 11:43:53,781 - INFO - chat.py - chat - 53 - Conversation Chain created.
2023-07-20 11:43:54,936 - INFO - chat.py - chat - 58 - Reply generated: Your name is [name].
2023-07-20 11:43:54,936 - INFO - chat.py - chat - 62 - Chat function ends.
2023-07-20 11:43:54,936 - INFO - app.py - chat_view - 74 - Generated chat response: {'reply': 'Your name is [name].', 'history': [{'type': 'human', 'data': {'content': "What's my name?", 'additional_kwargs': {}, 'example': False}}, {'type': 'ai', 'data': {'content': 'Your name is [name].', 'additional_kwargs': {}, 'example': False}}]}.
2023-07-20 11:43:54,936 - INFO - _internal.py - _log - 224 - 127.0.0.1 - - [20/Jul/2023 11:43:54] "POST /chat HTTP/1.1" 200 -
2023-07-20 11:44:11,041 - INFO - app.py - chat_view - 66 - Received chat request with query: Hi, I am Dijkstra, model_name: None, with_memory: None, history length: 0.
2023-07-20 11:44:11,042 - INFO - chat.py - chat - 22 - Chat function starts with query: Hi, I am Dijkstra, model_name: OpenAI, with_memory: False, history length: 0.
2023-07-20 11:44:11,042 - INFO - chat.py - chat - 38 - Chat history converted.
2023-07-20 11:44:11,042 - INFO - chat.py - chat - 44 - Memory object created.
2023-07-20 11:44:11,042 - INFO - model_factory.py - create_model - 27 - Model OpenAI is created
2023-07-20 11:44:11,043 - INFO - chat.py - chat - 53 - Conversation Chain created.
2023-07-20 11:44:12,579 - INFO - chat.py - chat - 58 - Reply generated: Hello Dijkstra! How can I assist you today?
2023-07-20 11:44:12,579 - INFO - chat.py - chat - 62 - Chat function ends.
2023-07-20 11:44:12,579 - INFO - app.py - chat_view - 74 - Generated chat response: {'reply': 'Hello Dijkstra! How can I assist you today?', 'history': [{'type': 'human', 'data': {'content': "What's my name?", 'additional_kwargs': {}, 'example': False}}, {'type': 'ai', 'data': {'content': 'Your name is [name].', 'additional_kwargs': {}, 'example': False}}, {'type': 'human', 'data': {'content': 'Hi, I am Dijkstra', 'additional_kwargs': {}, 'example': False}}, {'type': 'ai', 'data': {'content': 'Hello Dijkstra! How can I assist you today?', 'additional_kwargs': {}, 'example': False}}]}.
2023-07-20 11:44:12,579 - INFO - _internal.py - _log - 224 - 127.0.0.1 - - [20/Jul/2023 11:44:12] "POST /chat HTTP/1.1" 200 -
2023-07-20 11:44:27,226 - INFO - app.py - chat_view - 66 - Received chat request with query: What's my name?, model_name: None, with_memory: None, history length: 0.
2023-07-20 11:44:27,226 - INFO - chat.py - chat - 22 - Chat function starts with query: What's my name?, model_name: OpenAI, with_memory: False, history length: 0.
2023-07-20 11:44:27,226 - INFO - chat.py - chat - 38 - Chat history converted.
2023-07-20 11:44:27,226 - INFO - chat.py - chat - 44 - Memory object created.
2023-07-20 11:44:27,226 - INFO - model_factory.py - create_model - 27 - Model OpenAI is created
2023-07-20 11:44:27,226 - INFO - chat.py - chat - 53 - Conversation Chain created.
2023-07-20 11:44:29,454 - INFO - chat.py - chat - 58 - Reply generated: Your name is Dijkstra.
2023-07-20 11:44:29,454 - INFO - chat.py - chat - 62 - Chat function ends.
2023-07-20 11:44:29,455 - INFO - app.py - chat_view - 74 - Generated chat response: {'reply': 'Your name is Dijkstra.', 'history': [{'type': 'human', 'data': {'content': "What's my name?", 'additional_kwargs': {}, 'example': False}}, {'type': 'ai', 'data': {'content': 'Your name is [name].', 'additional_kwargs': {}, 'example': False}}, {'type': 'human', 'data': {'content': 'Hi, I am Dijkstra', 'additional_kwargs': {}, 'example': False}}, {'type': 'ai', 'data': {'content': 'Hello Dijkstra! How can I assist you today?', 'additional_kwargs': {}, 'example': False}}, {'type': 'human', 'data': {'content': "What's my name?", 'additional_kwargs': {}, 'example': False}}, {'type': 'ai', 'data': {'content': 'Your name is Dijkstra.', 'additional_kwargs': {}, 'example': False}}]}.
2023-07-20 11:44:29,455 - INFO - _internal.py - _log - 224 - 127.0.0.1 - - [20/Jul/2023 11:44:29] "POST /chat HTTP/1.1" 200 -
2023-07-20 14:09:32,350 - INFO - app.py - chat_view - 68 - Received chat request with query: Hello!, model_name: None, with_memory: False, history length: 0.
2023-07-20 14:09:32,350 - INFO - chat.py - chat - 24 - Chat function starts with query: Hello!, model_name: OpenAI, with_memory: False, history length: 0.
2023-07-20 14:09:32,350 - INFO - chat.py - chat - 39 - Chat history converted.
2023-07-20 14:09:32,350 - INFO - chat.py - chat - 45 - Memory object created.
2023-07-20 14:09:32,350 - INFO - model_factory.py - create_model - 27 - Model OpenAI is created
2023-07-20 14:09:32,433 - INFO - chat.py - chat - 54 - Conversation Chain created.
2023-07-20 14:09:34,201 - INFO - chat.py - chat - 59 - Reply generated: Hello! How can I assist you today?
2023-07-20 14:09:34,201 - INFO - chat.py - chat - 63 - Chat function ends.
2023-07-20 14:09:34,201 - INFO - app.py - chat_view - 73 - Generated chat response: {'reply': 'Hello! How can I assist you today?', 'history': [{'type': 'human', 'data': {'content': 'Hello!', 'additional_kwargs': {}, 'example': False}}, {'type': 'ai', 'data': {'content': 'Hello! How can I assist you today?', 'additional_kwargs': {}, 'example': False}}]}.
2023-07-20 14:09:34,202 - INFO - app.py - chat_view - 85 - Generated chat history: [{'type': 'human', 'data': {'content': 'Hello!', 'additional_kwargs': {}, 'example': False}}, {'type': 'ai', 'data': {'content': 'Hello! How can I assist you today?', 'additional_kwargs': {}, 'example': False}}].
2023-07-20 14:09:34,203 - ERROR - app.py - chat_view - 65 - Query must not be empty.
2023-07-20 14:09:34,204 - INFO - app.py - chat_view - 68 - Received chat request with query: Hello!, model_name: None, with_memory: True, history length: 2.
2023-07-20 14:09:34,204 - INFO - chat.py - chat - 24 - Chat function starts with query: Hello!, model_name: OpenAI, with_memory: True, history length: 2.
2023-07-20 14:09:34,204 - ERROR - chat.py - chat - 34 - User provided an invalid chat history: Got unexpected message type: Dijkstra
2023-07-20 14:09:34,205 - INFO - app.py - chat_view - 68 - Received chat request with query: Hello!, model_name: Dijkstra, with_memory: False, history length: 0.
2023-07-20 14:09:34,205 - INFO - chat.py - chat - 24 - Chat function starts with query: Hello!, model_name: Dijkstra, with_memory: False, history length: 0.
2023-07-20 14:09:34,205 - INFO - chat.py - chat - 39 - Chat history converted.
2023-07-20 14:09:34,205 - INFO - chat.py - chat - 45 - Memory object created.
2023-07-20 14:09:34,205 - ERROR - model_factory.py - create_model - 31 - User used an invalid model: Dijkstra
2023-07-20 14:09:34,206 - INFO - app.py - chat_view - 68 - Received chat request with query: Hello! What's my name?, model_name: None, with_memory: True, history length: 4.
2023-07-20 14:09:34,206 - INFO - chat.py - chat - 24 - Chat function starts with query: Hello! What's my name?, model_name: OpenAI, with_memory: True, history length: 4.
2023-07-20 14:09:34,206 - INFO - chat.py - chat - 39 - Chat history converted.
2023-07-20 14:09:34,206 - INFO - chat.py - chat - 45 - Memory object created.
2023-07-20 14:09:34,206 - INFO - model_factory.py - create_model - 27 - Model OpenAI is created
2023-07-20 14:09:34,207 - INFO - chat.py - chat - 54 - Conversation Chain created.
2023-07-20 14:09:35,097 - INFO - chat.py - chat - 59 - Reply generated: Your name is Dijkstra.
2023-07-20 14:09:35,098 - INFO - chat.py - chat - 63 - Chat function ends.
2023-07-20 14:09:35,098 - INFO - app.py - chat_view - 73 - Generated chat response: {'reply': 'Your name is Dijkstra.', 'history': [{'type': 'human', 'data': {'content': 'Hello!', 'additional_kwargs': {}, 'example': False}}, {'type': 'ai', 'data': {'content': 'Hello! How can I assist you today?', 'additional_kwargs': {}, 'example': False}}, {'type': 'human', 'data': {'content': 'hi!', 'additional_kwargs': {}, 'example': False}}, {'type': 'ai', 'data': {'content': 'whats up?', 'additional_kwargs': {}, 'example': False}}, {'type': 'human', 'data': {'content': 'I am Dijkstra', 'additional_kwargs': {}, 'example': False}}, {'type': 'ai', 'data': {'content': 'Hello Dijkstra', 'additional_kwargs': {}, 'example': False}}, {'type': 'human', 'data': {'content': "Hello! What's my name?", 'additional_kwargs': {}, 'example': False}}, {'type': 'ai', 'data': {'content': 'Your name is Dijkstra.', 'additional_kwargs': {}, 'example': False}}]}.
2023-07-20 14:09:35,099 - INFO - app.py - chat_view - 68 - Received chat request with query: Hello!, model_name: None, with_memory: False, history length: 0.
2023-07-20 14:09:35,099 - INFO - chat.py - chat - 24 - Chat function starts with query: Hello!, model_name: OpenAI, with_memory: False, history length: 0.
2023-07-20 14:09:35,099 - INFO - chat.py - chat - 39 - Chat history converted.
2023-07-20 14:09:35,099 - INFO - chat.py - chat - 45 - Memory object created.
2023-07-20 14:09:35,099 - INFO - model_factory.py - create_model - 27 - Model OpenAI is created
2023-07-20 14:09:35,099 - INFO - chat.py - chat - 54 - Conversation Chain created.
2023-07-20 14:09:36,075 - INFO - chat.py - chat - 59 - Reply generated: Hello! How can I assist you today?
2023-07-20 14:09:36,075 - INFO - chat.py - chat - 63 - Chat function ends.
2023-07-20 14:09:36,075 - INFO - app.py - chat_view - 73 - Generated chat response: {'reply': 'Hello! How can I assist you today?', 'history': [{'type': 'human', 'data': {'content': 'Hello!', 'additional_kwargs': {}, 'example': False}}, {'type': 'ai', 'data': {'content': 'Hello! How can I assist you today?', 'additional_kwargs': {}, 'example': False}}, {'type': 'human', 'data': {'content': 'hi!', 'additional_kwargs': {}, 'example': False}}, {'type': 'ai', 'data': {'content': 'whats up?', 'additional_kwargs': {}, 'example': False}}, {'type': 'human', 'data': {'content': 'I am Dijkstra', 'additional_kwargs': {}, 'example': False}}, {'type': 'ai', 'data': {'content': 'Hello Dijkstra', 'additional_kwargs': {}, 'example': False}}, {'type': 'human', 'data': {'content': "Hello! What's my name?", 'additional_kwargs': {}, 'example': False}}, {'type': 'ai', 'data': {'content': 'Your name is Dijkstra.', 'additional_kwargs': {}, 'example': False}}, {'type': 'human', 'data': {'content': 'Hello!', 'additional_kwargs': {}, 'example': False}}, {'type': 'ai', 'data': {'content': 'Hello! How can I assist you today?', 'additional_kwargs': {}, 'example': False}}]}.
2023-07-20 14:12:20,582 - INFO - _internal.py - _log - 224 - [31m[1mWARNING: This is a development server. Do not use it in a production deployment. Use a production WSGI server instead.[0m
 * Running on http://127.0.0.1:5000
2023-07-20 14:12:20,583 - INFO - _internal.py - _log - 224 - [33mPress CTRL+C to quit[0m
2023-07-20 14:12:28,576 - INFO - _internal.py - _log - 224 - 127.0.0.1 - - [20/Jul/2023 14:12:28] "[33mGET / HTTP/1.1[0m" 404 -
2023-07-20 14:12:34,123 - INFO - _internal.py - _log - 224 - 127.0.0.1 - - [20/Jul/2023 14:12:34] "[33mGET /apidoc HTTP/1.1[0m" 404 -
2023-07-20 14:13:14,444 - INFO - _internal.py - _log - 224 - 127.0.0.1 - - [20/Jul/2023 14:13:14] "GET /apidocs/ HTTP/1.1" 200 -
2023-07-20 14:13:14,678 - INFO - _internal.py - _log - 224 - 127.0.0.1 - - [20/Jul/2023 14:13:14] "[36mGET /flasgger_static/css/typography.css HTTP/1.1[0m" 304 -
2023-07-20 14:13:14,682 - INFO - _internal.py - _log - 224 - 127.0.0.1 - - [20/Jul/2023 14:13:14] "[36mGET /flasgger_static/lib/jquery.wiggle.min.js HTTP/1.1[0m" 304 -
2023-07-20 14:13:14,684 - INFO - _internal.py - _log - 224 - 127.0.0.1 - - [20/Jul/2023 14:13:14] "[36mGET /flasgger_static/lib/jquery.ba-bbq.min.js HTTP/1.1[0m" 304 -
2023-07-20 14:13:14,687 - INFO - _internal.py - _log - 224 - 127.0.0.1 - - [20/Jul/2023 14:13:14] "[36mGET /flasgger_static/lib/handlebars-4.0.5.js HTTP/1.1[0m" 304 -
2023-07-20 14:13:14,690 - INFO - _internal.py - _log - 224 - 127.0.0.1 - - [20/Jul/2023 14:13:14] "[36mGET /flasgger_static/lib/lodash.min.js HTTP/1.1[0m" 304 -
2023-07-20 14:13:14,690 - INFO - _internal.py - _log - 224 - 127.0.0.1 - - [20/Jul/2023 14:13:14] "[36mGET /flasgger_static/css/reset.css HTTP/1.1[0m" 304 -
2023-07-20 14:13:14,692 - INFO - _internal.py - _log - 224 - 127.0.0.1 - - [20/Jul/2023 14:13:14] "[36mGET /flasgger_static/css/screen.css HTTP/1.1[0m" 304 -
2023-07-20 14:13:14,695 - INFO - _internal.py - _log - 224 - 127.0.0.1 - - [20/Jul/2023 14:13:14] "[36mGET /flasgger_static/lib/object-assign-pollyfill.js HTTP/1.1[0m" 304 -
2023-07-20 14:13:14,696 - INFO - _internal.py - _log - 224 - 127.0.0.1 - - [20/Jul/2023 14:13:14] "[36mGET /flasgger_static/lib/jquery-1.8.0.min.js HTTP/1.1[0m" 304 -
2023-07-20 14:13:14,697 - INFO - _internal.py - _log - 224 - 127.0.0.1 - - [20/Jul/2023 14:13:14] "[36mGET /flasgger_static/lib/backbone-min.js HTTP/1.1[0m" 304 -
2023-07-20 14:13:14,697 - INFO - _internal.py - _log - 224 - 127.0.0.1 - - [20/Jul/2023 14:13:14] "[36mGET /flasgger_static/lib/jquery.slideto.min.js HTTP/1.1[0m" 304 -
2023-07-20 14:13:14,698 - INFO - _internal.py - _log - 224 - 127.0.0.1 - - [20/Jul/2023 14:13:14] "[36mGET /flasgger_static/lib/highlight.9.1.0.pack.js HTTP/1.1[0m" 304 -
2023-07-20 14:13:14,700 - INFO - _internal.py - _log - 224 - 127.0.0.1 - - [20/Jul/2023 14:13:14] "[36mGET /flasgger_static/swagger-ui.js HTTP/1.1[0m" 304 -
2023-07-20 14:13:14,701 - INFO - _internal.py - _log - 224 - 127.0.0.1 - - [20/Jul/2023 14:13:14] "[36mGET /flasgger_static/lib/jsoneditor.min.js HTTP/1.1[0m" 304 -
2023-07-20 14:13:14,702 - INFO - _internal.py - _log - 224 - 127.0.0.1 - - [20/Jul/2023 14:13:14] "[36mGET /flasgger_static/lib/highlight.9.1.0.pack_extended.js HTTP/1.1[0m" 304 -
2023-07-20 14:13:14,704 - INFO - _internal.py - _log - 224 - 127.0.0.1 - - [20/Jul/2023 14:13:14] "[36mGET /flasgger_static/lib/marked.js HTTP/1.1[0m" 304 -
2023-07-20 14:13:14,705 - INFO - _internal.py - _log - 224 - 127.0.0.1 - - [20/Jul/2023 14:13:14] "[36mGET /flasgger_static/lib/swagger-oauth.js HTTP/1.1[0m" 304 -
2023-07-20 14:13:14,723 - INFO - _internal.py - _log - 224 - 127.0.0.1 - - [20/Jul/2023 14:13:14] "[36mGET /flasgger_static/images/logo_small.png HTTP/1.1[0m" 304 -
2023-07-20 14:13:14,731 - INFO - _internal.py - _log - 224 - 127.0.0.1 - - [20/Jul/2023 14:13:14] "[36mGET /flasgger_static/css/print.css HTTP/1.1[0m" 304 -
2023-07-20 14:13:14,790 - INFO - _internal.py - _log - 224 - 127.0.0.1 - - [20/Jul/2023 14:13:14] "GET /apispec_1.json HTTP/1.1" 200 -
2023-07-20 14:13:14,795 - INFO - _internal.py - _log - 224 - 127.0.0.1 - - [20/Jul/2023 14:13:14] "[36mGET /flasgger_static/images/favicon-32x32.png HTTP/1.1[0m" 304 -
2023-07-20 14:17:13,612 - ERROR - app.py - chat_view - 79 - An error occurred in chat_view_POST function: 400 Bad Request: The browser (or proxy) sent a request that this server could not understand..
2023-07-20 14:17:13,613 - INFO - _internal.py - _log - 224 - 127.0.0.1 - - [20/Jul/2023 14:17:13] "[35m[1mPOST /chat HTTP/1.1[0m" 500 -
2023-07-20 14:17:13,614 - INFO - _internal.py - _log - 224 - 127.0.0.1 - - [20/Jul/2023 14:17:13] "[36mGET /flasgger_static/images/throbber.gif HTTP/1.1[0m" 304 -
2023-07-20 14:17:19,518 - ERROR - app.py - chat_view - 79 - An error occurred in chat_view_POST function: 400 Bad Request: The browser (or proxy) sent a request that this server could not understand..
2023-07-20 14:17:19,518 - INFO - _internal.py - _log - 224 - 127.0.0.1 - - [20/Jul/2023 14:17:19] "[35m[1mPOST /chat HTTP/1.1[0m" 500 -
2023-07-20 14:17:26,494 - INFO - _internal.py - _log - 224 - [31m[1mWARNING: This is a development server. Do not use it in a production deployment. Use a production WSGI server instead.[0m
 * Running on http://127.0.0.1:5000
2023-07-20 14:17:26,494 - INFO - _internal.py - _log - 224 - [33mPress CTRL+C to quit[0m
2023-07-20 14:17:36,533 - ERROR - app.py - chat_view - 79 - An error occurred in chat_view_POST function: 400 Bad Request: The browser (or proxy) sent a request that this server could not understand..
2023-07-20 14:17:36,534 - INFO - _internal.py - _log - 224 - 127.0.0.1 - - [20/Jul/2023 14:17:36] "[35m[1mPOST /chat HTTP/1.1[0m" 500 -
2023-07-20 14:17:59,702 - INFO - app.py - chat_view - 68 - Received chat request with query: Hello, I'm Dijkstra, model_name: None, with_memory: None, history length: 0.
2023-07-20 14:17:59,702 - INFO - chat.py - chat - 24 - Chat function starts with query: Hello, I'm Dijkstra, model_name: OpenAI, with_memory: False, history length: 0.
2023-07-20 14:17:59,702 - INFO - chat.py - chat - 39 - Chat history converted.
2023-07-20 14:17:59,702 - INFO - chat.py - chat - 44 - Memory object created.
2023-07-20 14:17:59,702 - INFO - model_factory.py - create_model - 27 - Model OpenAI is created
2023-07-20 14:17:59,724 - INFO - chat.py - chat - 53 - Conversation Chain created.
2023-07-20 14:18:01,230 - INFO - chat.py - chat - 58 - Reply generated: Hello, Dijkstra! How can I assist you today?
2023-07-20 14:18:01,230 - INFO - chat.py - chat - 62 - Chat function ends.
2023-07-20 14:18:01,230 - INFO - app.py - chat_view - 73 - Generated chat response: {'reply': 'Hello, Dijkstra! How can I assist you today?', 'history': [{'type': 'human', 'data': {'content': "Hello, I'm Dijkstra", 'additional_kwargs': {}, 'example': False}}, {'type': 'ai', 'data': {'content': 'Hello, Dijkstra! How can I assist you today?', 'additional_kwargs': {}, 'example': False}}]}.
2023-07-20 14:18:01,230 - INFO - _internal.py - _log - 224 - 127.0.0.1 - - [20/Jul/2023 14:18:01] "POST /chat HTTP/1.1" 200 -
2023-07-20 14:18:10,453 - INFO - app.py - chat_view - 85 - Generated chat history: [{'type': 'human', 'data': {'content': "Hello, I'm Dijkstra", 'additional_kwargs': {}, 'example': False}}, {'type': 'ai', 'data': {'content': 'Hello, Dijkstra! How can I assist you today?', 'additional_kwargs': {}, 'example': False}}].
2023-07-20 14:18:10,453 - INFO - _internal.py - _log - 224 - 127.0.0.1 - - [20/Jul/2023 14:18:10] "GET /chat HTTP/1.1" 200 -
2023-07-20 14:18:25,100 - INFO - app.py - chat_view - 68 - Received chat request with query: What's my name?, model_name: None, with_memory: None, history length: 0.
2023-07-20 14:18:25,100 - INFO - chat.py - chat - 24 - Chat function starts with query: What's my name?, model_name: OpenAI, with_memory: False, history length: 0.
2023-07-20 14:18:25,101 - INFO - chat.py - chat - 39 - Chat history converted.
2023-07-20 14:18:25,101 - INFO - chat.py - chat - 44 - Memory object created.
2023-07-20 14:18:25,101 - INFO - model_factory.py - create_model - 27 - Model OpenAI is created
2023-07-20 14:18:25,101 - INFO - chat.py - chat - 53 - Conversation Chain created.
2023-07-20 14:18:27,823 - INFO - chat.py - chat - 58 - Reply generated: I'm sorry, but I don't have access to personal information about individuals unless it has been shared with me in the course of our conversation. I am designed to respect user privacy and confidentiality.
2023-07-20 14:18:27,824 - INFO - chat.py - chat - 62 - Chat function ends.
2023-07-20 14:18:27,824 - INFO - app.py - chat_view - 73 - Generated chat response: {'reply': "I'm sorry, but I don't have access to personal information about individuals unless it has been shared with me in the course of our conversation. I am designed to respect user privacy and confidentiality.", 'history': [{'type': 'human', 'data': {'content': "Hello, I'm Dijkstra", 'additional_kwargs': {}, 'example': False}}, {'type': 'ai', 'data': {'content': 'Hello, Dijkstra! How can I assist you today?', 'additional_kwargs': {}, 'example': False}}, {'type': 'human', 'data': {'content': "What's my name?", 'additional_kwargs': {}, 'example': False}}, {'type': 'ai', 'data': {'content': "I'm sorry, but I don't have access to personal information about individuals unless it has been shared with me in the course of our conversation. I am designed to respect user privacy and confidentiality.", 'additional_kwargs': {}, 'example': False}}]}.
2023-07-20 14:18:27,824 - INFO - _internal.py - _log - 224 - 127.0.0.1 - - [20/Jul/2023 14:18:27] "POST /chat HTTP/1.1" 200 -
2023-07-20 14:18:38,088 - INFO - app.py - chat_view - 85 - Generated chat history: [{'type': 'human', 'data': {'content': "Hello, I'm Dijkstra", 'additional_kwargs': {}, 'example': False}}, {'type': 'ai', 'data': {'content': 'Hello, Dijkstra! How can I assist you today?', 'additional_kwargs': {}, 'example': False}}, {'type': 'human', 'data': {'content': "What's my name?", 'additional_kwargs': {}, 'example': False}}, {'type': 'ai', 'data': {'content': "I'm sorry, but I don't have access to personal information about individuals unless it has been shared with me in the course of our conversation. I am designed to respect user privacy and confidentiality.", 'additional_kwargs': {}, 'example': False}}].
2023-07-20 14:18:38,088 - INFO - _internal.py - _log - 224 - 127.0.0.1 - - [20/Jul/2023 14:18:38] "GET /chat HTTP/1.1" 200 -
2023-07-20 14:19:22,368 - INFO - app.py - chat_view - 68 - Received chat request with query: What's my name?, model_name: None, with_memory: True, history length: 0.
2023-07-20 14:19:22,368 - INFO - chat.py - chat - 24 - Chat function starts with query: What's my name?, model_name: OpenAI, with_memory: True, history length: 0.
2023-07-20 14:19:22,368 - INFO - chat.py - chat - 39 - Chat history converted.
2023-07-20 14:19:22,368 - INFO - chat.py - chat - 44 - Memory object created.
2023-07-20 14:19:22,368 - INFO - model_factory.py - create_model - 27 - Model OpenAI is created
2023-07-20 14:19:22,368 - INFO - chat.py - chat - 53 - Conversation Chain created.
2023-07-20 14:19:24,474 - INFO - chat.py - chat - 58 - Reply generated: I apologize for any confusion. As an AI, I don't have the ability to remember personal information. Could you please remind me of your name?
2023-07-20 14:19:24,475 - INFO - chat.py - chat - 62 - Chat function ends.
2023-07-20 14:19:24,475 - INFO - app.py - chat_view - 73 - Generated chat response: {'reply': "I apologize for any confusion. As an AI, I don't have the ability to remember personal information. Could you please remind me of your name?", 'history': [{'type': 'human', 'data': {'content': "Hello, I'm Dijkstra", 'additional_kwargs': {}, 'example': False}}, {'type': 'ai', 'data': {'content': 'Hello, Dijkstra! How can I assist you today?', 'additional_kwargs': {}, 'example': False}}, {'type': 'human', 'data': {'content': "What's my name?", 'additional_kwargs': {}, 'example': False}}, {'type': 'ai', 'data': {'content': "I'm sorry, but I don't have access to personal information about individuals unless it has been shared with me in the course of our conversation. I am designed to respect user privacy and confidentiality.", 'additional_kwargs': {}, 'example': False}}, {'type': 'human', 'data': {'content': "What's my name?", 'additional_kwargs': {}, 'example': False}}, {'type': 'ai', 'data': {'content': "I apologize for any confusion. As an AI, I don't have the ability to remember personal information. Could you please remind me of your name?", 'additional_kwargs': {}, 'example': False}}]}.
2023-07-20 14:19:24,475 - INFO - _internal.py - _log - 224 - 127.0.0.1 - - [20/Jul/2023 14:19:24] "POST /chat HTTP/1.1" 200 -
2023-07-20 14:19:38,549 - INFO - app.py - chat_view - 68 - Received chat request with query: What's my name?, model_name: None, with_memory: True, history length: 0.
2023-07-20 14:19:38,549 - INFO - chat.py - chat - 24 - Chat function starts with query: What's my name?, model_name: OpenAI, with_memory: True, history length: 0.
2023-07-20 14:19:38,549 - INFO - chat.py - chat - 39 - Chat history converted.
2023-07-20 14:19:38,549 - INFO - chat.py - chat - 44 - Memory object created.
2023-07-20 14:19:38,549 - INFO - model_factory.py - create_model - 27 - Model OpenAI is created
2023-07-20 14:19:38,549 - INFO - chat.py - chat - 53 - Conversation Chain created.
2023-07-20 14:19:40,861 - INFO - chat.py - chat - 58 - Reply generated: I apologize for any confusion. As an AI language model, I don't have the ability to remember personal information. Could you please remind me of your name?
2023-07-20 14:19:40,861 - INFO - chat.py - chat - 62 - Chat function ends.
2023-07-20 14:19:40,862 - INFO - app.py - chat_view - 73 - Generated chat response: {'reply': "I apologize for any confusion. As an AI language model, I don't have the ability to remember personal information. Could you please remind me of your name?", 'history': [{'type': 'human', 'data': {'content': "Hello, I'm Dijkstra", 'additional_kwargs': {}, 'example': False}}, {'type': 'ai', 'data': {'content': 'Hello, Dijkstra! How can I assist you today?', 'additional_kwargs': {}, 'example': False}}, {'type': 'human', 'data': {'content': "What's my name?", 'additional_kwargs': {}, 'example': False}}, {'type': 'ai', 'data': {'content': "I'm sorry, but I don't have access to personal information about individuals unless it has been shared with me in the course of our conversation. I am designed to respect user privacy and confidentiality.", 'additional_kwargs': {}, 'example': False}}, {'type': 'human', 'data': {'content': "What's my name?", 'additional_kwargs': {}, 'example': False}}, {'type': 'ai', 'data': {'content': "I apologize for any confusion. As an AI, I don't have the ability to remember personal information. Could you please remind me of your name?", 'additional_kwargs': {}, 'example': False}}, {'type': 'human', 'data': {'content': "What's my name?", 'additional_kwargs': {}, 'example': False}}, {'type': 'ai', 'data': {'content': "I apologize for any confusion. As an AI language model, I don't have the ability to remember personal information. Could you please remind me of your name?", 'additional_kwargs': {}, 'example': False}}]}.
2023-07-20 14:19:40,862 - INFO - _internal.py - _log - 224 - 127.0.0.1 - - [20/Jul/2023 14:19:40] "POST /chat HTTP/1.1" 200 -
2023-07-20 14:19:51,668 - INFO - app.py - chat_view - 85 - Generated chat history: [{'type': 'human', 'data': {'content': "Hello, I'm Dijkstra", 'additional_kwargs': {}, 'example': False}}, {'type': 'ai', 'data': {'content': 'Hello, Dijkstra! How can I assist you today?', 'additional_kwargs': {}, 'example': False}}, {'type': 'human', 'data': {'content': "What's my name?", 'additional_kwargs': {}, 'example': False}}, {'type': 'ai', 'data': {'content': "I'm sorry, but I don't have access to personal information about individuals unless it has been shared with me in the course of our conversation. I am designed to respect user privacy and confidentiality.", 'additional_kwargs': {}, 'example': False}}, {'type': 'human', 'data': {'content': "What's my name?", 'additional_kwargs': {}, 'example': False}}, {'type': 'ai', 'data': {'content': "I apologize for any confusion. As an AI, I don't have the ability to remember personal information. Could you please remind me of your name?", 'additional_kwargs': {}, 'example': False}}, {'type': 'human', 'data': {'content': "What's my name?", 'additional_kwargs': {}, 'example': False}}, {'type': 'ai', 'data': {'content': "I apologize for any confusion. As an AI language model, I don't have the ability to remember personal information. Could you please remind me of your name?", 'additional_kwargs': {}, 'example': False}}].
2023-07-20 14:19:51,668 - INFO - _internal.py - _log - 224 - 127.0.0.1 - - [20/Jul/2023 14:19:51] "GET /chat HTTP/1.1" 200 -
2023-07-20 14:21:31,472 - INFO - _internal.py - _log - 224 - [31m[1mWARNING: This is a development server. Do not use it in a production deployment. Use a production WSGI server instead.[0m
 * Running on http://127.0.0.1:5000
2023-07-20 14:21:31,472 - INFO - _internal.py - _log - 224 - [33mPress CTRL+C to quit[0m
2023-07-21 10:04:23,344 - INFO - _internal.py - _log - 224 - [31m[1mWARNING: This is a development server. Do not use it in a production deployment. Use a production WSGI server instead.[0m
 * Running on http://127.0.0.1:5000
2023-07-21 10:04:23,345 - INFO - _internal.py - _log - 224 - [33mPress CTRL+C to quit[0m
2023-07-21 10:05:05,199 - INFO - app.py - chat_view - 76 - Received chat request with query: Hello!, model_name: None, with_memory: False, history length: 0.
2023-07-21 10:05:05,199 - ERROR - app.py - chat_view - 88 - An error occurred in chat_view_POST function: Config.get() takes no keyword arguments.
2023-07-21 10:05:05,200 - INFO - app.py - chat_view - 94 - Generated chat history: [].
2023-07-21 10:05:05,208 - ERROR - app.py - chat_view - 73 - Query must not be empty.
2023-07-21 10:05:05,215 - INFO - app.py - chat_view - 76 - Received chat request with query: Hello!, model_name: None, with_memory: True, history length: 2.
2023-07-21 10:05:05,215 - ERROR - app.py - chat_view - 88 - An error occurred in chat_view_POST function: Config.get() takes no keyword arguments.
2023-07-21 10:05:05,230 - INFO - app.py - chat_view - 76 - Received chat request with query: Hello!, model_name: Dijkstra, with_memory: False, history length: 0.
2023-07-21 10:05:05,230 - INFO - chat.py - chat - 24 - Chat function starts with query: Hello!, model_name: Dijkstra, with_memory: False, history length: 0.
2023-07-21 10:05:05,230 - INFO - chat.py - chat - 39 - Chat history converted.
2023-07-21 10:05:05,230 - INFO - chat.py - chat - 44 - Memory object created.
2023-07-21 10:05:05,230 - ERROR - chat.py - chat - 68 - An unexpected error occurred in chat function: Config.get() takes no keyword arguments
2023-07-21 10:05:05,230 - ERROR - app.py - chat_view - 88 - An error occurred in chat_view_POST function: Config.get() takes no keyword arguments.
2023-07-21 10:05:05,237 - INFO - app.py - chat_view - 76 - Received chat request with query: Hello! What's my name?, model_name: None, with_memory: True, history length: 4.
2023-07-21 10:05:05,237 - ERROR - app.py - chat_view - 88 - An error occurred in chat_view_POST function: Config.get() takes no keyword arguments.
2023-07-21 10:05:05,245 - INFO - app.py - chat_view - 76 - Received chat request with query: Hello!, model_name: None, with_memory: False, history length: 0.
2023-07-21 10:05:05,245 - ERROR - app.py - chat_view - 88 - An error occurred in chat_view_POST function: Config.get() takes no keyword arguments.
2023-07-21 10:08:12,018 - INFO - app.py - chat_view - 76 - Received chat request with query: Hello!, model_name: None, with_memory: False, history length: 0.
2023-07-21 10:08:12,018 - ERROR - app.py - chat_view - 88 - An error occurred in chat_view_POST function: Config.get() takes no keyword arguments.
2023-07-21 10:08:23,860 - INFO - app.py - chat_view - 76 - Received chat request with query: Hello!, model_name: None, with_memory: False, history length: 0.
2023-07-21 10:08:23,860 - ERROR - app.py - chat_view - 88 - An error occurred in chat_view_POST function: Config.get() takes no keyword arguments.
2023-07-21 10:08:43,817 - INFO - app.py - chat_view - 76 - Received chat request with query: Hello!, model_name: None, with_memory: False, history length: 0.
2023-07-21 10:08:43,817 - ERROR - app.py - chat_view - 88 - An error occurred in chat_view_POST function: Config.get() takes no keyword arguments.
2023-07-21 10:10:00,667 - INFO - app.py - chat_view - 76 - Received chat request with query: Hello!, model_name: None, with_memory: False, history length: 0.
2023-07-21 10:11:22,500 - ERROR - app.py - chat_view - 88 - An error occurred in chat_view_POST function: Config.get() takes no keyword arguments.
2023-07-21 10:12:00,166 - INFO - app.py - chat_view - 76 - Received chat request with query: Hello!, model_name: None, with_memory: False, history length: 0.
2023-07-21 10:15:05,021 - INFO - app.py - chat_view - 76 - Received chat request with query: Hello!, model_name: None, with_memory: False, history length: 0.
2023-07-21 10:15:05,022 - INFO - chat.py - chat - 24 - Chat function starts with query: Hello!, model_name: OpenAI, with_memory: False, history length: 0.
2023-07-21 10:15:05,022 - INFO - chat.py - chat - 39 - Chat history converted.
2023-07-21 10:15:05,022 - INFO - chat.py - chat - 44 - Memory object created.
2023-07-21 10:15:05,022 - INFO - model_factory.py - create_model - 28 - Model OpenAI is created
2023-07-21 10:15:05,060 - INFO - chat.py - chat - 53 - Conversation Chain created.
2023-07-21 10:15:06,608 - INFO - chat.py - chat - 58 - Reply generated: Hi there! How can I assist you today?
2023-07-21 10:15:06,609 - INFO - chat.py - chat - 62 - Chat function ends.
2023-07-21 10:15:06,609 - INFO - app.py - chat_view - 81 - Generated chat response: {'reply': 'Hi there! How can I assist you today?', 'history': [{'type': 'human', 'data': {'content': 'Hello!', 'additional_kwargs': {}, 'example': False}}, {'type': 'ai', 'data': {'content': 'Hi there! How can I assist you today?', 'additional_kwargs': {}, 'example': False}}]}.
2023-07-21 10:15:17,219 - INFO - app.py - chat_view - 76 - Received chat request with query: Hello!, model_name: None, with_memory: False, history length: 0.
2023-07-21 10:15:17,219 - INFO - chat.py - chat - 24 - Chat function starts with query: Hello!, model_name: OpenAI, with_memory: False, history length: 0.
2023-07-21 10:15:17,220 - INFO - chat.py - chat - 39 - Chat history converted.
2023-07-21 10:15:17,220 - INFO - chat.py - chat - 44 - Memory object created.
2023-07-21 10:15:17,220 - INFO - model_factory.py - create_model - 28 - Model OpenAI is created
2023-07-21 10:15:17,239 - INFO - chat.py - chat - 53 - Conversation Chain created.
2023-07-21 10:15:19,203 - INFO - chat.py - chat - 58 - Reply generated: Hello! How can I assist you today?
2023-07-21 10:15:19,203 - INFO - chat.py - chat - 62 - Chat function ends.
2023-07-21 10:15:19,203 - INFO - app.py - chat_view - 81 - Generated chat response: {'reply': 'Hello! How can I assist you today?', 'history': [{'type': 'human', 'data': {'content': 'Hello!', 'additional_kwargs': {}, 'example': False}}, {'type': 'ai', 'data': {'content': 'Hello! How can I assist you today?', 'additional_kwargs': {}, 'example': False}}]}.
2023-07-21 10:15:26,756 - INFO - app.py - chat_view - 76 - Received chat request with query: Hello!, model_name: None, with_memory: False, history length: 0.
2023-07-21 10:15:26,756 - INFO - chat.py - chat - 24 - Chat function starts with query: Hello!, model_name: OpenAI, with_memory: False, history length: 0.
2023-07-21 10:15:26,756 - INFO - chat.py - chat - 39 - Chat history converted.
2023-07-21 10:15:26,756 - INFO - chat.py - chat - 44 - Memory object created.
2023-07-21 10:15:26,756 - INFO - model_factory.py - create_model - 28 - Model OpenAI is created
2023-07-21 10:15:26,778 - INFO - chat.py - chat - 53 - Conversation Chain created.
2023-07-21 10:15:30,159 - INFO - chat.py - chat - 58 - Reply generated: Hi there! How can I assist you today?
2023-07-21 10:15:30,159 - INFO - chat.py - chat - 62 - Chat function ends.
2023-07-21 10:15:30,159 - INFO - app.py - chat_view - 81 - Generated chat response: {'reply': 'Hi there! How can I assist you today?', 'history': [{'type': 'human', 'data': {'content': 'Hello!', 'additional_kwargs': {}, 'example': False}}, {'type': 'ai', 'data': {'content': 'Hi there! How can I assist you today?', 'additional_kwargs': {}, 'example': False}}]}.
2023-07-21 10:15:30,160 - INFO - app.py - chat_view - 94 - Generated chat history: [{'type': 'human', 'data': {'content': 'Hello!', 'additional_kwargs': {}, 'example': False}}, {'type': 'ai', 'data': {'content': 'Hi there! How can I assist you today?', 'additional_kwargs': {}, 'example': False}}].
2023-07-21 10:15:30,168 - ERROR - app.py - chat_view - 73 - Query must not be empty.
2023-07-21 10:15:30,174 - INFO - app.py - chat_view - 76 - Received chat request with query: Hello!, model_name: None, with_memory: True, history length: 2.
2023-07-21 10:15:30,174 - INFO - chat.py - chat - 24 - Chat function starts with query: Hello!, model_name: OpenAI, with_memory: True, history length: 2.
2023-07-21 10:15:30,174 - ERROR - chat.py - chat - 34 - User provided an invalid chat history: Got unexpected message type: Dijkstra
2023-07-21 10:15:30,174 - ERROR - app.py - chat_view - 85 - Post content error occurred in chat_view_POST function: Please check the format of history message you post: Got unexpected message type: Dijkstra.
2023-07-21 10:15:30,181 - INFO - app.py - chat_view - 76 - Received chat request with query: Hello!, model_name: Dijkstra, with_memory: False, history length: 0.
2023-07-21 10:15:30,181 - INFO - chat.py - chat - 24 - Chat function starts with query: Hello!, model_name: Dijkstra, with_memory: False, history length: 0.
2023-07-21 10:15:30,182 - INFO - chat.py - chat - 39 - Chat history converted.
2023-07-21 10:15:30,182 - INFO - chat.py - chat - 44 - Memory object created.
2023-07-21 10:15:30,182 - ERROR - model_factory.py - create_model - 32 - User used an invalid model: Dijkstra
2023-07-21 10:15:30,182 - ERROR - app.py - chat_view - 85 - Post content error occurred in chat_view_POST function: Model Dijkstra does not exist..
2023-07-21 10:15:30,188 - INFO - app.py - chat_view - 76 - Received chat request with query: Hello! What's my name?, model_name: None, with_memory: True, history length: 4.
2023-07-21 10:15:30,188 - INFO - chat.py - chat - 24 - Chat function starts with query: Hello! What's my name?, model_name: OpenAI, with_memory: True, history length: 4.
2023-07-21 10:15:30,188 - INFO - chat.py - chat - 39 - Chat history converted.
2023-07-21 10:15:30,188 - INFO - chat.py - chat - 44 - Memory object created.
2023-07-21 10:15:30,188 - INFO - model_factory.py - create_model - 28 - Model OpenAI is created
2023-07-21 10:15:30,189 - INFO - chat.py - chat - 53 - Conversation Chain created.
2023-07-21 10:15:31,016 - INFO - chat.py - chat - 58 - Reply generated: Your name is Dijkstra.
2023-07-21 10:15:31,016 - INFO - chat.py - chat - 62 - Chat function ends.
2023-07-21 10:15:31,016 - INFO - app.py - chat_view - 81 - Generated chat response: {'reply': 'Your name is Dijkstra.', 'history': [{'type': 'human', 'data': {'content': 'Hello!', 'additional_kwargs': {}, 'example': False}}, {'type': 'ai', 'data': {'content': 'Hi there! How can I assist you today?', 'additional_kwargs': {}, 'example': False}}, {'type': 'human', 'data': {'content': 'hi!', 'additional_kwargs': {}, 'example': False}}, {'type': 'ai', 'data': {'content': 'whats up?', 'additional_kwargs': {}, 'example': False}}, {'type': 'human', 'data': {'content': 'I am Dijkstra', 'additional_kwargs': {}, 'example': False}}, {'type': 'ai', 'data': {'content': 'Hello Dijkstra', 'additional_kwargs': {}, 'example': False}}, {'type': 'human', 'data': {'content': "Hello! What's my name?", 'additional_kwargs': {}, 'example': False}}, {'type': 'ai', 'data': {'content': 'Your name is Dijkstra.', 'additional_kwargs': {}, 'example': False}}]}.
2023-07-21 10:15:31,024 - INFO - app.py - chat_view - 76 - Received chat request with query: Hello!, model_name: None, with_memory: False, history length: 0.
2023-07-21 10:15:31,025 - INFO - chat.py - chat - 24 - Chat function starts with query: Hello!, model_name: OpenAI, with_memory: False, history length: 0.
2023-07-21 10:15:31,025 - INFO - chat.py - chat - 39 - Chat history converted.
2023-07-21 10:15:31,025 - INFO - chat.py - chat - 44 - Memory object created.
2023-07-21 10:15:31,025 - INFO - model_factory.py - create_model - 28 - Model OpenAI is created
2023-07-21 10:15:31,025 - INFO - chat.py - chat - 53 - Conversation Chain created.
2023-07-21 10:15:31,889 - INFO - chat.py - chat - 58 - Reply generated: Hello there! How can I assist you today?
2023-07-21 10:15:31,889 - INFO - chat.py - chat - 62 - Chat function ends.
2023-07-21 10:15:31,890 - INFO - app.py - chat_view - 81 - Generated chat response: {'reply': 'Hello there! How can I assist you today?', 'history': [{'type': 'human', 'data': {'content': 'Hello!', 'additional_kwargs': {}, 'example': False}}, {'type': 'ai', 'data': {'content': 'Hi there! How can I assist you today?', 'additional_kwargs': {}, 'example': False}}, {'type': 'human', 'data': {'content': 'hi!', 'additional_kwargs': {}, 'example': False}}, {'type': 'ai', 'data': {'content': 'whats up?', 'additional_kwargs': {}, 'example': False}}, {'type': 'human', 'data': {'content': 'I am Dijkstra', 'additional_kwargs': {}, 'example': False}}, {'type': 'ai', 'data': {'content': 'Hello Dijkstra', 'additional_kwargs': {}, 'example': False}}, {'type': 'human', 'data': {'content': "Hello! What's my name?", 'additional_kwargs': {}, 'example': False}}, {'type': 'ai', 'data': {'content': 'Your name is Dijkstra.', 'additional_kwargs': {}, 'example': False}}, {'type': 'human', 'data': {'content': 'Hello!', 'additional_kwargs': {}, 'example': False}}, {'type': 'ai', 'data': {'content': 'Hello there! How can I assist you today?', 'additional_kwargs': {}, 'example': False}}]}.
